Archive member included to satisfy reference by file (symbol)

C:/Users/patry/Documents/stm32/STM32CubeIDE_1.16.1/STM32CubeIDE/plugins/com.st.stm32cube.ide.mcu.externaltools.gnu-tools-for-stm32.12.3.rel1.win32_1.0.200.202406191623/tools/bin/../lib/gcc/arm-none-eabi/12.3.1/../../../../arm-none-eabi/lib/thumb/v7e-m+fp/hard\libc_nano.a(libc_a-exit.o)
                              C:/Users/patry/Documents/stm32/STM32CubeIDE_1.16.1/STM32CubeIDE/plugins/com.st.stm32cube.ide.mcu.externaltools.gnu-tools-for-stm32.12.3.rel1.win32_1.0.200.202406191623/tools/bin/../lib/gcc/arm-none-eabi/12.3.1/../../../../arm-none-eabi/lib/thumb/v7e-m+fp/hard/crt0.o (exit)
C:/Users/patry/Documents/stm32/STM32CubeIDE_1.16.1/STM32CubeIDE/plugins/com.st.stm32cube.ide.mcu.externaltools.gnu-tools-for-stm32.12.3.rel1.win32_1.0.200.202406191623/tools/bin/../lib/gcc/arm-none-eabi/12.3.1/../../../../arm-none-eabi/lib/thumb/v7e-m+fp/hard\libc_nano.a(libc_a-findfp.o)
                              C:/Users/patry/Documents/stm32/STM32CubeIDE_1.16.1/STM32CubeIDE/plugins/com.st.stm32cube.ide.mcu.externaltools.gnu-tools-for-stm32.12.3.rel1.win32_1.0.200.202406191623/tools/bin/../lib/gcc/arm-none-eabi/12.3.1/../../../../arm-none-eabi/lib/thumb/v7e-m+fp/hard\libc_nano.a(libc_a-exit.o) (__stdio_exit_handler)
C:/Users/patry/Documents/stm32/STM32CubeIDE_1.16.1/STM32CubeIDE/plugins/com.st.stm32cube.ide.mcu.externaltools.gnu-tools-for-stm32.12.3.rel1.win32_1.0.200.202406191623/tools/bin/../lib/gcc/arm-none-eabi/12.3.1/../../../../arm-none-eabi/lib/thumb/v7e-m+fp/hard\libc_nano.a(libc_a-fwalk.o)
                              C:/Users/patry/Documents/stm32/STM32CubeIDE_1.16.1/STM32CubeIDE/plugins/com.st.stm32cube.ide.mcu.externaltools.gnu-tools-for-stm32.12.3.rel1.win32_1.0.200.202406191623/tools/bin/../lib/gcc/arm-none-eabi/12.3.1/../../../../arm-none-eabi/lib/thumb/v7e-m+fp/hard\libc_nano.a(libc_a-findfp.o) (_fwalk_sglue)
C:/Users/patry/Documents/stm32/STM32CubeIDE_1.16.1/STM32CubeIDE/plugins/com.st.stm32cube.ide.mcu.externaltools.gnu-tools-for-stm32.12.3.rel1.win32_1.0.200.202406191623/tools/bin/../lib/gcc/arm-none-eabi/12.3.1/../../../../arm-none-eabi/lib/thumb/v7e-m+fp/hard\libc_nano.a(libc_a-stdio.o)
                              C:/Users/patry/Documents/stm32/STM32CubeIDE_1.16.1/STM32CubeIDE/plugins/com.st.stm32cube.ide.mcu.externaltools.gnu-tools-for-stm32.12.3.rel1.win32_1.0.200.202406191623/tools/bin/../lib/gcc/arm-none-eabi/12.3.1/../../../../arm-none-eabi/lib/thumb/v7e-m+fp/hard\libc_nano.a(libc_a-findfp.o) (__sread)
C:/Users/patry/Documents/stm32/STM32CubeIDE_1.16.1/STM32CubeIDE/plugins/com.st.stm32cube.ide.mcu.externaltools.gnu-tools-for-stm32.12.3.rel1.win32_1.0.200.202406191623/tools/bin/../lib/gcc/arm-none-eabi/12.3.1/../../../../arm-none-eabi/lib/thumb/v7e-m+fp/hard\libc_nano.a(libc_a-memset.o)
                              C:/Users/patry/Documents/stm32/STM32CubeIDE_1.16.1/STM32CubeIDE/plugins/com.st.stm32cube.ide.mcu.externaltools.gnu-tools-for-stm32.12.3.rel1.win32_1.0.200.202406191623/tools/bin/../lib/gcc/arm-none-eabi/12.3.1/../../../../arm-none-eabi/lib/thumb/v7e-m+fp/hard/crt0.o (memset)
C:/Users/patry/Documents/stm32/STM32CubeIDE_1.16.1/STM32CubeIDE/plugins/com.st.stm32cube.ide.mcu.externaltools.gnu-tools-for-stm32.12.3.rel1.win32_1.0.200.202406191623/tools/bin/../lib/gcc/arm-none-eabi/12.3.1/../../../../arm-none-eabi/lib/thumb/v7e-m+fp/hard\libc_nano.a(libc_a-closer.o)
                              C:/Users/patry/Documents/stm32/STM32CubeIDE_1.16.1/STM32CubeIDE/plugins/com.st.stm32cube.ide.mcu.externaltools.gnu-tools-for-stm32.12.3.rel1.win32_1.0.200.202406191623/tools/bin/../lib/gcc/arm-none-eabi/12.3.1/../../../../arm-none-eabi/lib/thumb/v7e-m+fp/hard\libc_nano.a(libc_a-stdio.o) (_close_r)
C:/Users/patry/Documents/stm32/STM32CubeIDE_1.16.1/STM32CubeIDE/plugins/com.st.stm32cube.ide.mcu.externaltools.gnu-tools-for-stm32.12.3.rel1.win32_1.0.200.202406191623/tools/bin/../lib/gcc/arm-none-eabi/12.3.1/../../../../arm-none-eabi/lib/thumb/v7e-m+fp/hard\libc_nano.a(libc_a-reent.o)
                              C:/Users/patry/Documents/stm32/STM32CubeIDE_1.16.1/STM32CubeIDE/plugins/com.st.stm32cube.ide.mcu.externaltools.gnu-tools-for-stm32.12.3.rel1.win32_1.0.200.202406191623/tools/bin/../lib/gcc/arm-none-eabi/12.3.1/../../../../arm-none-eabi/lib/thumb/v7e-m+fp/hard\libc_nano.a(libc_a-closer.o) (errno)
C:/Users/patry/Documents/stm32/STM32CubeIDE_1.16.1/STM32CubeIDE/plugins/com.st.stm32cube.ide.mcu.externaltools.gnu-tools-for-stm32.12.3.rel1.win32_1.0.200.202406191623/tools/bin/../lib/gcc/arm-none-eabi/12.3.1/../../../../arm-none-eabi/lib/thumb/v7e-m+fp/hard\libc_nano.a(libc_a-impure.o)
                              C:/Users/patry/Documents/stm32/STM32CubeIDE_1.16.1/STM32CubeIDE/plugins/com.st.stm32cube.ide.mcu.externaltools.gnu-tools-for-stm32.12.3.rel1.win32_1.0.200.202406191623/tools/bin/../lib/gcc/arm-none-eabi/12.3.1/../../../../arm-none-eabi/lib/thumb/v7e-m+fp/hard\libc_nano.a(libc_a-reent.o) (_impure_ptr)
[...]
Memory Configuration

Name             Origin             Length             Attributes
RAM              0x20000000         0x00018000         xrw
RAM2             0x10000000         0x00008000         xrw
FLASH            0x08000000         0x00100000         xr
*default*        0x00000000         0xffffffff

Linker script and memory map

LOAD C:/Users/patry/Documents/stm32/STM32CubeIDE_1.16.1/STM32CubeIDE/plugins/com.st.stm32cube.ide.mcu.externaltools.gnu-tools-for-stm32.12.3.rel1.win32_1.0.200.202406191623/tools/bin/../lib/gcc/arm-none-eabi/12.3.1/thumb/v7e-m+fp/hard/crti.o
LOAD C:/Users/patry/Documents/stm32/STM32CubeIDE_1.16.1/STM32CubeIDE/plugins/com.st.stm32cube.ide.mcu.externaltools.gnu-tools-for-stm32.12.3.rel1.win32_1.0.200.202406191623/tools/bin/../lib/gcc/arm-none-eabi/12.3.1/thumb/v7e-m+fp/hard/crtbegin.o
LOAD C:/Users/patry/Documents/stm32/STM32CubeIDE_1.16.1/STM32CubeIDE/plugins/com.st.stm32cube.ide.mcu.externaltools.gnu-tools-for-stm32.12.3.rel1.win32_1.0.200.202406191623/tools/bin/../lib/gcc/arm-none-eabi/12.3.1/../../../../arm-none-eabi/lib/thumb/v7e-m+fp/hard/crt0.o
LOAD ./Core/Src/adc.o
LOAD ./Core/Src/gpio.o
LOAD ./Core/Src/main.o
LOAD ./Core/Src/rtc.o
LOAD ./Core/Src/spi.o
LOAD ./Core/Src/stm32l4xx_hal_msp.o
LOAD ./Core/Src/stm32l4xx_it.o
LOAD ./Core/Src/syscalls.o
LOAD ./Core/Src/sysmem.o
LOAD ./Core/Src/system_stm32l4xx.o
LOAD ./Core/Src/usart.o
LOAD ./Core/Startup/startup_stm32l476rgtx.o
LOAD ./Drivers/STM32L4xx_HAL_Driver/Src/stm32l4xx_hal.o
LOAD ./Drivers/STM32L4xx_HAL_Driver/Src/stm32l4xx_hal_adc.o
LOAD ./Drivers/STM32L4xx_HAL_Driver/Src/stm32l4xx_hal_adc_ex.o
LOAD ./Drivers/STM32L4xx_HAL_Driver/Src/stm32l4xx_hal_cortex.o
LOAD ./Drivers/STM32L4xx_HAL_Driver/Src/stm32l4xx_hal_dma.o
LOAD ./Drivers/STM32L4xx_HAL_Driver/Src/stm32l4xx_hal_dma_ex.o
LOAD ./Drivers/STM32L4xx_HAL_Driver/Src/stm32l4xx_hal_exti.o
LOAD ./Drivers/STM32L4xx_HAL_Driver/Src/stm32l4xx_hal_flash.o
LOAD ./Drivers/STM32L4xx_HAL_Driver/Src/stm32l4xx_hal_flash_ex.o
LOAD ./Drivers/STM32L4xx_HAL_Driver/Src/stm32l4xx_hal_flash_ramfunc.o
LOAD ./Drivers/STM32L4xx_HAL_Driver/Src/stm32l4xx_hal_gpio.o
LOAD ./Drivers/STM32L4xx_HAL_Driver/Src/stm32l4xx_hal_i2c.o
LOAD ./Drivers/STM32L4xx_HAL_Driver/Src/stm32l4xx_hal_i2c_ex.o
LOAD ./Drivers/STM32L4xx_HAL_Driver/Src/stm32l4xx_hal_pwr.o
LOAD ./Drivers/STM32L4xx_HAL_Driver/Src/stm32l4xx_hal_pwr_ex.o
LOAD ./Drivers/STM32L4xx_HAL_Driver/Src/stm32l4xx_hal_rcc.o
LOAD ./Drivers/STM32L4xx_HAL_Driver/Src/stm32l4xx_hal_rcc_ex.o
LOAD ./Drivers/STM32L4xx_HAL_Driver/Src/stm32l4xx_hal_rtc.o
LOAD ./Drivers/STM32L4xx_HAL_Driver/Src/stm32l4xx_hal_rtc_ex.o
LOAD ./Drivers/STM32L4xx_HAL_Driver/Src/stm32l4xx_hal_spi.o
LOAD ./Drivers/STM32L4xx_HAL_Driver/Src/stm32l4xx_hal_spi_ex.o
LOAD ./Drivers/STM32L4xx_HAL_Driver/Src/stm32l4xx_hal_tim.o
LOAD ./Drivers/STM32L4xx_HAL_Driver/Src/stm32l4xx_hal_tim_ex.o
LOAD ./Drivers/STM32L4xx_HAL_Driver/Src/stm32l4xx_hal_uart.o
LOAD ./Drivers/STM32L4xx_HAL_Driver/Src/stm32l4xx_hal_uart_ex.o
START GROUP
LOAD C:/Users/patry/Documents/stm32/STM32CubeIDE_1.16.1/STM32CubeIDE/plugins/com.st.stm32cube.ide.mcu.externaltools.gnu-tools-for-stm32.12.3.rel1.win32_1.0.200.202406191623/tools/bin/../lib/gcc/arm-none-eabi/12.3.1/../../../../arm-none-eabi/lib/thumb/v7e-m+fp/hard\libc_nano.a
LOAD C:/Users/patry/Documents/stm32/STM32CubeIDE_1.16.1/STM32CubeIDE/plugins/com.st.stm32cube.ide.mcu.externaltools.gnu-tools-for-stm32.12.3.rel1.win32_1.0.200.202406191623/tools/bin/../lib/gcc/arm-none-eabi/12.3.1/../../../../arm-none-eabi/lib/thumb/v7e-m+fp/hard\libm.a
END GROUP
START GROUP
LOAD C:/Users/patry/Documents/stm32/STM32CubeIDE_1.16.1/STM32CubeIDE/plugins/com.st.stm32cube.ide.mcu.externaltools.gnu-tools-for-stm32.12.3.rel1.win32_1.0.200.202406191623/tools/bin/../lib/gcc/arm-none-eabi/12.3.1/thumb/v7e-m+fp/hard\libgcc.a
LOAD C:/Users/patry/Documents/stm32/STM32CubeIDE_1.16.1/STM32CubeIDE/plugins/com.st.stm32cube.ide.mcu.externaltools.gnu-tools-for-stm32.12.3.rel1.win32_1.0.200.202406191623/tools/bin/../lib/gcc/arm-none-eabi/12.3.1/../../../../arm-none-eabi/lib/thumb/v7e-m+fp/hard\libc_nano.a
END GROUP
START GROUP
LOAD C:/Users/patry/Documents/stm32/STM32CubeIDE_1.16.1/STM32CubeIDE/plugins/com.st.stm32cube.ide.mcu.externaltools.gnu-tools-for-stm32.12.3.rel1.win32_1.0.200.202406191623/tools/bin/../lib/gcc/arm-none-eabi/12.3.1/thumb/v7e-m+fp/hard\libgcc.a
LOAD C:/Users/patry/Documents/stm32/STM32CubeIDE_1.16.1/STM32CubeIDE/plugins/com.st.stm32cube.ide.mcu.externaltools.gnu-tools-for-stm32.12.3.rel1.win32_1.0.200.202406191623/tools/bin/../lib/gcc/arm-none-eabi/12.3.1/../../../../arm-none-eabi/lib/thumb/v7e-m+fp/hard\libc_nano.a
LOAD C:/Users/patry/Documents/stm32/STM32CubeIDE_1.16.1/STM32CubeIDE/plugins/com.st.stm32cube.ide.mcu.externaltools.gnu-tools-for-stm32.12.3.rel1.win32_1.0.200.202406191623/tools/bin/../lib/gcc/arm-none-eabi/12.3.1/../../../../arm-none-eabi/lib/thumb/v7e-m+fp/hard\libnosys.a
END GROUP
START GROUP
LOAD C:/Users/patry/Documents/stm32/STM32CubeIDE_1.16.1/STM32CubeIDE/plugins/com.st.stm32cube.ide.mcu.externaltools.gnu-tools-for-stm32.12.3.rel1.win32_1.0.200.202406191623/tools/bin/../lib/gcc/arm-none-eabi/12.3.1/thumb/v7e-m+fp/hard\libgcc.a
LOAD C:/Users/patry/Documents/stm32/STM32CubeIDE_1.16.1/STM32CubeIDE/plugins/com.st.stm32cube.ide.mcu.externaltools.gnu-tools-for-stm32.12.3.rel1.win32_1.0.200.202406191623/tools/bin/../lib/gcc/arm-none-eabi/12.3.1/../../../../arm-none-eabi/lib/thumb/v7e-m+fp/hard\libc_nano.a
LOAD C:/Users/patry/Documents/stm32/STM32CubeIDE_1.16.1/STM32CubeIDE/plugins/com.st.stm32cube.ide.mcu.externaltools.gnu-tools-for-stm32.12.3.rel1.win32_1.0.200.202406191623/tools/bin/../lib/gcc/arm-none-eabi/12.3.1/../../../../arm-none-eabi/lib/thumb/v7e-m+fp/hard\libnosys.a
END GROUP
LOAD C:/Users/patry/Documents/stm32/STM32CubeIDE_1.16.1/STM32CubeIDE/plugins/com.st.stm32cube.ide.mcu.externaltools.gnu-tools-for-stm32.12.3.rel1.win32_1.0.200.202406191623/tools/bin/../lib/gcc/arm-none-eabi/12.3.1/thumb/v7e-m+fp/hard/crtend.o
LOAD C:/Users/patry/Documents/stm32/STM32CubeIDE_1.16.1/STM32CubeIDE/plugins/com.st.stm32cube.ide.mcu.externaltools.gnu-tools-for-stm32.12.3.rel1.win32_1.0.200.202406191623/tools/bin/../lib/gcc/arm-none-eabi/12.3.1/thumb/v7e-m+fp/hard/crtn.o
                0x20018000                        _estack = (ORIGIN (RAM) + LENGTH (RAM))
                0x00000200                        _Min_Heap_Size = 0x200
                0x00000400                        _Min_Stack_Size = 0x400

.isr_vector     0x08000000      0x188
                0x08000000                        . = ALIGN (0x4)
 *(.isr_vector)
 .isr_vector    0x08000000      0x188 ./Core/Startup/startup_stm32l476rgtx.o
                0x08000000                g_pfnVectors
                0x08000188                        . = ALIGN (0x4)

.text           0x08000188    0x1a590
                0x08000188                        . = ALIGN (0x4)
 *(.text)
 .text          0x08000188       0x40 C:/Users/patry/Documents/stm32/STM32CubeIDE_1.16.1/STM32CubeIDE/plugins/com.st.stm32cube.ide.mcu.externaltools.gnu-tools-for-stm32.12.3.rel1.win32_1.0.200.202406191623/tools/bin/../lib/gcc/arm-none-eabi/12.3.1/thumb/v7e-m+fp/hard/crtbegin.o
 .text          0x080001c8      0x254 C:/Users/patry/Documents/stm32/STM32CubeIDE_1.16.1/STM32CubeIDE/plugins/com.st.stm32cube.ide.mcu.externaltools.gnu-tools-for-stm32.12.3.rel1.win32_1.0.200.202406191623/tools/bin/../lib/gcc/arm-none-eabi/12.3.1/thumb/v7e-m+fp/hard\libgcc.a(_arm_muldf3.o)
                0x080001c8                __muldf3
                0x080001c8                __aeabi_dmul
 .text          0x0800041c      0x378 C:/Users/patry/Documents/stm32/STM32CubeIDE_1.16.1/STM32CubeIDE/plugins/com.st.stm32cube.ide.mcu.externaltools.gnu-tools-for-stm32.12.3.rel1.win32_1.0.200.202406191623/tools/bin/../lib/gcc/arm-none-eabi/12.3.1/thumb/v7e-m+fp/hard\libgcc.a(_arm_addsubdf3.o)
                0x0800041c                __aeabi_drsub
                0x08000424                __aeabi_dsub
                0x08000424                __subdf3
                0x08000428                __aeabi_dadd
                0x08000428                __adddf3
                0x080006a0                __floatunsidf
                0x080006a0                __aeabi_ui2d
                0x080006c0                __floatsidf
                0x080006c0                __aeabi_i2d
                0x080006e4                __aeabi_f2d
                0x080006e4                __extendsfdf2
                0x08000728                __floatundidf
                0x08000728                __aeabi_ul2d
                0x08000738                __floatdidf
                0x08000738                __aeabi_l2d
 .text          0x08000794      0x110 C:/Users/patry/Documents/stm32/STM32CubeIDE_1.16.1/STM32CubeIDE/plugins/com.st.stm32cube.ide.mcu.externaltools.gnu-tools-for-stm32.12.3.rel1.win32_1.0.200.202406191623/tools/bin/../lib/gcc/arm-none-eabi/12.3.1/thumb/v7e-m+fp/hard\libgcc.a(_arm_cmpdf2.o)
                0x08000794                __gtdf2
                0x08000794                __gedf2
                0x0800079c                __ltdf2
                0x0800079c                __ledf2
                0x080007a4                __nedf2
                0x080007a4                __eqdf2
                0x080007a4                __cmpdf2
                0x08000820                __aeabi_cdrcmple
                0x08000830                __aeabi_cdcmpeq
                0x08000830                __aeabi_cdcmple
                0x08000840                __aeabi_dcmpeq
                0x08000854                __aeabi_dcmplt
                0x08000868                __aeabi_dcmple
                0x0800087c                __aeabi_dcmpge
                0x08000890                __aeabi_dcmpgt
 .text          0x080008a4       0xa0 C:/Users/patry/Documents/stm32/STM32CubeIDE_1.16.1/STM32CubeIDE/plugins/com.st.stm32cube.ide.mcu.externaltools.gnu-tools-for-stm32.12.3.rel1.win32_1.0.200.202406191623/tools/bin/../lib/gcc/arm-none-eabi/12.3.1/thumb/v7e-m+fp/hard\libgcc.a(_arm_truncdfsf2.o)
                0x080008a4                __truncdfsf2
                0x080008a4                __aeabi_d2f
 .text          0x08000944       0x30 C:/Users/patry/Documents/stm32/STM32CubeIDE_1.16.1/STM32CubeIDE/plugins/com.st.stm32cube.ide.mcu.externaltools.gnu-tools-for-stm32.12.3.rel1.win32_1.0.200.202406191623/tools/bin/../lib/gcc/arm-none-eabi/12.3.1/thumb/v7e-m+fp/hard\libgcc.a(_aeabi_uldivmod.o)
                0x08000944                __aeabi_uldivmod
 .text          0x08000974      0x2bc C:/Users/patry/Documents/stm32/STM32CubeIDE_1.16.1/STM32CubeIDE/plugins/com.st.stm32cube.ide.mcu.externaltools.gnu-tools-for-stm32.12.3.rel1.win32_1.0.200.202406191623/tools/bin/../lib/gcc/arm-none-eabi/12.3.1/thumb/v7e-m+fp/hard\libgcc.a(_udivmoddi4.o)
                0x08000974                __udivmoddi4
 .text          0x08000c30        0x4 C:/Users/patry/Documents/stm32/STM32CubeIDE_1.16.1/STM32CubeIDE/plugins/com.st.stm32cube.ide.mcu.externaltools.gnu-tools-for-stm32.12.3.rel1.win32_1.0.200.202406191623/tools/bin/../lib/gcc/arm-none-eabi/12.3.1/thumb/v7e-m+fp/hard\libgcc.a(_dvmd_tls.o)
                0x08000c30                __aeabi_idiv0
                0x08000c30                __aeabi_ldiv0
 *(.text*)
 .text.MX_ADC1_Init
                0x08000c34       0xf4 ./Core/Src/adc.o
                0x08000c34                MX_ADC1_Init
 .text.MX_ADC2_Init
                0x08000d28       0xbc ./Core/Src/adc.o
                0x08000d28                MX_ADC2_Init
 .text.HAL_ADC_MspInit
                0x08000de4      0x120 ./Core/Src/adc.o
                0x08000de4                HAL_ADC_MspInit
 .text.MX_GPIO_Init
                0x08000f04      0x120 ./Core/Src/gpio.o
                0x08000f04                MX_GPIO_Init
 .text.CS_ON    0x08001024       0x16 ./Core/Src/main.o
                0x08001024                CS_ON
 .text.CS_OFF   0x0800103a       0x16 ./Core/Src/main.o
                0x0800103a                CS_OFF
 .text.DC_ON    0x08001050       0x16 ./Core/Src/main.o
                0x08001050                DC_ON
 .text.DC_OFF   0x08001066       0x16 ./Core/Src/main.o
                0x08001066                DC_OFF
 .text.RESET_ON
                0x0800107c       0x18 ./Core/Src/main.o
                0x0800107c                RESET_ON
 .text.RESET_OFF
                0x08001094       0x18 ./Core/Src/main.o
                0x08001094                RESET_OFF
 .text.LCD_komenda
                0x080010ac       0x30 ./Core/Src/main.o
                0x080010ac                LCD_komenda
 .text.LCD_dana
                0x080010dc       0x30 ./Core/Src/main.o
                0x080010dc                LCD_dana
 .text.LCD_init
                0x0800110c       0x68 ./Core/Src/main.o
                0x0800110c                LCD_init
 .text.LCD_set_adressing
                0x08001174       0x7e ./Core/Src/main.o
                0x08001174                LCD_set_adressing
 *fill*         0x080011f2        0x2 
 .text.LCD_printM
                0x080011f4      0x290 ./Core/Src/main.o
                0x080011f4                LCD_printM
 .text.LCD_printE
                0x08001484      0x224 ./Core/Src/main.o
                0x08001484                LCD_printE
 .text.LCD_printN
                0x080016a8      0x2f0 ./Core/Src/main.o
                0x080016a8                LCD_printN
 .text.LCD_printU
                0x08001998      0x260 ./Core/Src/main.o
                0x08001998                LCD_printU
 .text.LCD_printA
                0x08001bf8      0x2f0 ./Core/Src/main.o
                0x08001bf8                LCD_printA
 .text.LCD_printB
                0x08001ee8      0x2ec ./Core/Src/main.o
                0x08001ee8                LCD_printB
 .text.LCD_printC
                0x080021d4      0x2ac ./Core/Src/main.o
                0x080021d4                LCD_printC
 .text.LCD_printD
                0x08002480      0x374 ./Core/Src/main.o
                0x08002480                LCD_printD
 .text.LCD_printG
                0x080027f4      0x2d8 ./Core/Src/main.o
                0x080027f4                LCD_printG
 .text.LCD_printI
                0x08002acc      0x1e4 ./Core/Src/main.o
                0x08002acc                LCD_printI
 .text.LCD_printJ
                0x08002cb0      0x250 ./Core/Src/main.o
                0x08002cb0                LCD_printJ
 .text.LCD_printK
                0x08002f00      0x388 ./Core/Src/main.o
                0x08002f00                LCD_printK
 .text.LCD_printL
                0x08003288      0x224 ./Core/Src/main.o
                0x08003288                LCD_printL
 .text.LCD_printO
                0x080034ac      0x2b8 ./Core/Src/main.o
                0x080034ac                LCD_printO
 .text.LCD_printS
                0x08003764      0x378 ./Core/Src/main.o
                0x08003764                LCD_printS
 .text.LCD_printT
                0x08003adc      0x1e4 ./Core/Src/main.o
                0x08003adc                LCD_printT
 .text.LCD_print1
                0x08003cc0      0x238 ./Core/Src/main.o
                0x08003cc0                LCD_print1
 .text.LCD_print2
                0x08003ef8      0x344 ./Core/Src/main.o
                0x08003ef8                LCD_print2
 .text.LCD_print3
                0x0800423c      0x2f0 ./Core/Src/main.o
                0x0800423c                LCD_print3
 .text.LCD_print4
                0x0800452c      0x2d0 ./Core/Src/main.o
                0x0800452c                LCD_print4
 .text.LCD_print5
                0x080047fc      0x29c ./Core/Src/main.o
                0x080047fc                LCD_print5
 .text.LCD_print6
                0x08004a98      0x350 ./Core/Src/main.o
                0x08004a98                LCD_print6
 .text.LCD_print_dot
                0x08004de8      0x17c ./Core/Src/main.o
                0x08004de8                LCD_print_dot
 .text.LCD_print_myslnik
                0x08004f64      0x108 ./Core/Src/main.o
                0x08004f64                LCD_print_myslnik
 .text.LCD_print8H
                0x0800506c      0xb84 ./Core/Src/main.o
                0x0800506c                LCD_print8H
 .text.LCD_print1H
                0x08005bf0      0x78c ./Core/Src/main.o
                0x08005bf0                LCD_print1H
 .text.LCD_print2H
                0x0800637c      0xb04 ./Core/Src/main.o
                0x0800637c                LCD_print2H
 .text.LCD_print3H
                0x08006e80      0x950 ./Core/Src/main.o
                0x08006e80                LCD_print3H
 .text.LCD_print4H
                0x080077d0      0x7e4 ./Core/Src/main.o
                0x080077d0                LCD_print4H
 .text.LCD_print5H
                0x08007fb4      0x65c ./Core/Src/main.o
                0x08007fb4                LCD_print5H
 .text.LCD_print6H
                0x08008610      0xa1c ./Core/Src/main.o
                0x08008610                LCD_print6H
 .text.LCD_print7H
                0x0800902c      0x8a0 ./Core/Src/main.o
                0x0800902c                LCD_print7H
 .text.LCD_print0H
                0x080098cc      0x860 ./Core/Src/main.o
                0x080098cc                LCD_print0H
 .text.LCD_print9H
                0x0800a12c      0x874 ./Core/Src/main.o
                0x0800a12c                LCD_print9H
 .text.LCD_print_segment
                0x0800a9a0     0x18f0 ./Core/Src/main.o
                0x0800a9a0                LCD_print_segment
 .text.LCD_print_tank
                0x0800c290     0x45dc ./Core/Src/main.o
                0x0800c290                LCD_print_tank
 .text.LCD_printdioda
                0x0801086c      0x804 ./Core/Src/main.o
                0x0801086c                LCD_printdioda
 .text.LCD_printMENU
                0x08011070      0xa2c ./Core/Src/main.o
                0x08011070                LCD_printMENU
 .text.LCD_print_tryb_diody
                0x08011a9c      0x360 ./Core/Src/main.o
                0x08011a9c                LCD_print_tryb_diody
 .text.LCD_print_tryb_adc_numbers
                0x08011dfc      0x6b8 ./Core/Src/main.o
                0x08011dfc                LCD_print_tryb_adc_numbers
 .text.LCD_print_tryb_segment
                0x080124b4      0x41c ./Core/Src/main.o
                0x080124b4                LCD_print_tryb_segment
 .text.LCD_print_tryb_tank
                0x080128d0      0x220 ./Core/Src/main.o
                0x080128d0                LCD_print_tryb_tank
 .text.UART_decision
                0x08012af0      0x478 ./Core/Src/main.o
                0x08012af0                UART_decision
 .text.UART_transmit
                0x08012f68      0x504 ./Core/Src/main.o
                0x08012f68                UART_transmit
 .text.segment1
                0x0801346c      0x3dc ./Core/Src/main.o
                0x0801346c                segment1
 .text.segment2
                0x08013848      0x3bc ./Core/Src/main.o
                0x08013848                segment2
 .text.allsegment
                0x08013c04       0xc8 ./Core/Src/main.o
                0x08013c04                allsegment
 *fill*         0x08013ccc        0x4 
 .text.linijka1
                0x08013cd0      0x1d8 ./Core/Src/main.o
                0x08013cd0                linijka1
 .text.linijka2
                0x08013ea8      0x1c4 ./Core/Src/main.o
                0x08013ea8                linijka2
 *fill*         0x0801406c        0x4 
 .text.main     0x08014070      0x52c ./Core/Src/main.o
                0x08014070                main
 .text.SystemClock_Config
                0x0801459c       0xa8 ./Core/Src/main.o
                0x0801459c                SystemClock_Config
 .text.PeriphCommonClock_Config
                0x08014644       0x56 ./Core/Src/main.o
                0x08014644                PeriphCommonClock_Config
 *fill*         0x0801469a        0x2 
 .text.HAL_UART_RxCpltCallback
                0x0801469c       0x9c ./Core/Src/main.o
                0x0801469c                HAL_UART_RxCpltCallback
 .text.HAL_UART_TxCpltCallback
                0x08014738       0x3c ./Core/Src/main.o
                0x08014738                HAL_UART_TxCpltCallback
 .text.Error_Handler
                0x08014774        0xc ./Core/Src/main.o
                0x08014774                Error_Handler
 .text.MX_SPI3_Init
                0x08014780       0x7c ./Core/Src/spi.o
                0x08014780                MX_SPI3_Init
 .text.HAL_SPI_MspInit
                0x080147fc       0x88 ./Core/Src/spi.o
                0x080147fc                HAL_SPI_MspInit
 .text.HAL_MspInit
                0x08014884       0x48 ./Core/Src/stm32l4xx_hal_msp.o
                0x08014884                HAL_MspInit
 .text.NMI_Handler
                0x080148cc        0x8 ./Core/Src/stm32l4xx_it.o
                0x080148cc                NMI_Handler
 .text.HardFault_Handler
                0x080148d4        0x8 ./Core/Src/stm32l4xx_it.o
                0x080148d4                HardFault_Handler
 .text.MemManage_Handler
                0x080148dc        0x8 ./Core/Src/stm32l4xx_it.o
                0x080148dc                MemManage_Handler
 .text.BusFault_Handler
                0x080148e4        0x8 ./Core/Src/stm32l4xx_it.o
                0x080148e4                BusFault_Handler
 .text.UsageFault_Handler
                0x080148ec        0x8 ./Core/Src/stm32l4xx_it.o
                0x080148ec                UsageFault_Handler
 .text.SVC_Handler
                0x080148f4        0xe ./Core/Src/stm32l4xx_it.o
                0x080148f4                SVC_Handler
 .text.DebugMon_Handler
                0x08014902        0xe ./Core/Src/stm32l4xx_it.o
                0x08014902                DebugMon_Handler
 .text.PendSV_Handler
                0x08014910        0xe ./Core/Src/stm32l4xx_it.o
                0x08014910                PendSV_Handler
 .text.SysTick_Handler
                0x0801491e        0xc ./Core/Src/stm32l4xx_it.o
                0x0801491e                SysTick_Handler
 *fill*         0x0801492a        0x2 
 .text.ADC1_2_IRQHandler
                0x0801492c       0x1c ./Core/Src/stm32l4xx_it.o
                0x0801492c                ADC1_2_IRQHandler
 .text.USART2_IRQHandler
                0x08014948       0x14 ./Core/Src/stm32l4xx_it.o
                0x08014948                USART2_IRQHandler
 .text.SystemInit
                0x0801495c       0x24 ./Core/Src/system_stm32l4xx.o
                0x0801495c                SystemInit
 .text.MX_USART2_UART_Init
                0x08014980       0x60 ./Core/Src/usart.o
                0x08014980                MX_USART2_UART_Init
 .text.HAL_UART_MspInit
                0x080149e0       0xc8 ./Core/Src/usart.o
                0x080149e0                HAL_UART_MspInit
 .text.Reset_Handler
                0x08014aa8       0x50 ./Core/Startup/startup_stm32l476rgtx.o
                0x08014aa8                Reset_Handler
 .text.Default_Handler
                0x08014af8        0x2 ./Core/Startup/startup_stm32l476rgtx.o
                0x08014af8                RTC_Alarm_IRQHandler
                0x08014af8                EXTI2_IRQHandler
                0x08014af8                TIM8_TRG_COM_IRQHandler
                0x08014af8                TIM8_CC_IRQHandler
                0x08014af8                TIM1_CC_IRQHandler
                0x08014af8                TSC_IRQHandler
                0x08014af8                TAMP_STAMP_IRQHandler
                0x08014af8                EXTI3_IRQHandler
                0x08014af8                LPTIM2_IRQHandler
                0x08014af8                DFSDM1_FLT1_IRQHandler
                0x08014af8                I2C3_ER_IRQHandler
                0x08014af8                DFSDM1_FLT2_IRQHandler
                0x08014af8                EXTI0_IRQHandler
                0x08014af8                I2C2_EV_IRQHandler
                0x08014af8                CAN1_RX0_IRQHandler
                0x08014af8                FPU_IRQHandler
                0x08014af8                TIM1_UP_TIM16_IRQHandler
                0x08014af8                SPI1_IRQHandler
                0x08014af8                TIM6_DAC_IRQHandler
                0x08014af8                TIM8_UP_IRQHandler
                0x08014af8                DMA2_Channel2_IRQHandler
                0x08014af8                DMA1_Channel4_IRQHandler
                0x08014af8                SAI2_IRQHandler
                0x08014af8                DFSDM1_FLT3_IRQHandler
                0x08014af8                USART3_IRQHandler
                0x08014af8                DMA1_Channel7_IRQHandler
                0x08014af8                CAN1_RX1_IRQHandler
                0x08014af8                LCD_IRQHandler
                0x08014af8                UART5_IRQHandler
                0x08014af8                ADC3_IRQHandler
                0x08014af8                TIM4_IRQHandler
                0x08014af8                DMA2_Channel1_IRQHandler
                0x08014af8                QUADSPI_IRQHandler
                0x08014af8                I2C1_EV_IRQHandler
                0x08014af8                DMA1_Channel6_IRQHandler
                0x08014af8                UART4_IRQHandler
                0x08014af8                DMA2_Channel4_IRQHandler
                0x08014af8                TIM3_IRQHandler
                0x08014af8                RCC_IRQHandler
                0x08014af8                DMA1_Channel1_IRQHandler
                0x08014af8                Default_Handler
                0x08014af8                DMA2_Channel7_IRQHandler
                0x08014af8                EXTI15_10_IRQHandler
                0x08014af8                TIM7_IRQHandler
                0x08014af8                SDMMC1_IRQHandler
                0x08014af8                TIM5_IRQHandler
                0x08014af8                I2C3_EV_IRQHandler
                0x08014af8                EXTI9_5_IRQHandler
                0x08014af8                RTC_WKUP_IRQHandler
                0x08014af8                PVD_PVM_IRQHandler
                0x08014af8                SPI2_IRQHandler
                0x08014af8                CAN1_TX_IRQHandler
                0x08014af8                DMA2_Channel5_IRQHandler
                0x08014af8                DMA1_Channel5_IRQHandler
                0x08014af8                EXTI4_IRQHandler
                0x08014af8                RNG_IRQHandler
                0x08014af8                TIM1_TRG_COM_TIM17_IRQHandler
                0x08014af8                DMA1_Channel3_IRQHandler
                0x08014af8                COMP_IRQHandler
                0x08014af8                WWDG_IRQHandler
                0x08014af8                LPUART1_IRQHandler
                0x08014af8                DMA2_Channel6_IRQHandler
                0x08014af8                TIM2_IRQHandler
                0x08014af8                EXTI1_IRQHandler
                0x08014af8                DFSDM1_FLT0_IRQHandler
                0x08014af8                I2C2_ER_IRQHandler
                0x08014af8                DMA1_Channel2_IRQHandler
                0x08014af8                TIM8_BRK_IRQHandler
                0x08014af8                CAN1_SCE_IRQHandler
                0x08014af8                FLASH_IRQHandler
                0x08014af8                USART1_IRQHandler
                0x08014af8                OTG_FS_IRQHandler
                0x08014af8                SPI3_IRQHandler
                0x08014af8                I2C1_ER_IRQHandler
                0x08014af8                FMC_IRQHandler
                0x08014af8                SWPMI1_IRQHandler
                0x08014af8                LPTIM1_IRQHandler
                0x08014af8                SAI1_IRQHandler
                0x08014af8                DMA2_Channel3_IRQHandler
                0x08014af8                TIM1_BRK_TIM15_IRQHandler
 .text.HAL_Init
                0x08014afa       0x30 ./Drivers/STM32L4xx_HAL_Driver/Src/stm32l4xx_hal.o
                0x08014afa                HAL_Init
 *fill*         0x08014b2a        0x2 
 .text.HAL_InitTick
                0x08014b2c       0x78 ./Drivers/STM32L4xx_HAL_Driver/Src/stm32l4xx_hal.o
                0x08014b2c                HAL_InitTick
 .text.HAL_IncTick
                0x08014ba4       0x28 ./Drivers/STM32L4xx_HAL_Driver/Src/stm32l4xx_hal.o
                0x08014ba4                HAL_IncTick
 .text.HAL_GetTick
                0x08014bcc       0x18 ./Drivers/STM32L4xx_HAL_Driver/Src/stm32l4xx_hal.o
                0x08014bcc                HAL_GetTick
 .text.HAL_Delay
                0x08014be4       0x48 ./Drivers/STM32L4xx_HAL_Driver/Src/stm32l4xx_hal.o
                0x08014be4                HAL_Delay
 .text.LL_ADC_SetCommonClock
                0x08014c2c       0x26 ./Drivers/STM32L4xx_HAL_Driver/Src/stm32l4xx_hal_adc.o
 .text.LL_ADC_SetCommonPathInternalCh
                0x08014c52       0x26 ./Drivers/STM32L4xx_HAL_Driver/Src/stm32l4xx_hal_adc.o
 .text.LL_ADC_GetCommonPathInternalCh
                0x08014c78       0x1c ./Drivers/STM32L4xx_HAL_Driver/Src/stm32l4xx_hal_adc.o
 .text.LL_ADC_SetOffset
                0x08014c94       0x48 ./Drivers/STM32L4xx_HAL_Driver/Src/stm32l4xx_hal_adc.o
 .text.LL_ADC_GetOffsetChannel
                0x08014cdc       0x2c ./Drivers/STM32L4xx_HAL_Driver/Src/stm32l4xx_hal_adc.o
 .text.LL_ADC_SetOffsetState
                0x08014d08       0x36 ./Drivers/STM32L4xx_HAL_Driver/Src/stm32l4xx_hal_adc.o
 .text.LL_ADC_REG_IsTriggerSourceSWStart
                0x08014d3e       0x26 ./Drivers/STM32L4xx_HAL_Driver/Src/stm32l4xx_hal_adc.o
 .text.LL_ADC_REG_SetSequencerRanks
                0x08014d64       0x58 ./Drivers/STM32L4xx_HAL_Driver/Src/stm32l4xx_hal_adc.o
 .text.LL_ADC_INJ_IsTriggerSourceSWStart
                0x08014dbc       0x26 ./Drivers/STM32L4xx_HAL_Driver/Src/stm32l4xx_hal_adc.o
 .text.LL_ADC_SetChannelSamplingTime
                0x08014de2       0x56 ./Drivers/STM32L4xx_HAL_Driver/Src/stm32l4xx_hal_adc.o
 .text.LL_ADC_SetChannelSingleDiff
                0x08014e38       0x48 ./Drivers/STM32L4xx_HAL_Driver/Src/stm32l4xx_hal_adc.o
 .text.LL_ADC_GetMultimode
                0x08014e80       0x1c ./Drivers/STM32L4xx_HAL_Driver/Src/stm32l4xx_hal_adc.o
 .text.LL_ADC_GetMultiDMATransfer
                0x08014e9c       0x1c ./Drivers/STM32L4xx_HAL_Driver/Src/stm32l4xx_hal_adc.o
 .text.LL_ADC_DisableDeepPowerDown
                0x08014eb8       0x24 ./Drivers/STM32L4xx_HAL_Driver/Src/stm32l4xx_hal_adc.o
 .text.LL_ADC_IsDeepPowerDownEnabled
                0x08014edc       0x28 ./Drivers/STM32L4xx_HAL_Driver/Src/stm32l4xx_hal_adc.o
 .text.LL_ADC_EnableInternalRegulator
                0x08014f04       0x28 ./Drivers/STM32L4xx_HAL_Driver/Src/stm32l4xx_hal_adc.o
 .text.LL_ADC_IsInternalRegulatorEnabled
                0x08014f2c       0x28 ./Drivers/STM32L4xx_HAL_Driver/Src/stm32l4xx_hal_adc.o
 .text.LL_ADC_Enable
                0x08014f54       0x28 ./Drivers/STM32L4xx_HAL_Driver/Src/stm32l4xx_hal_adc.o
 .text.LL_ADC_Disable
                0x08014f7c       0x28 ./Drivers/STM32L4xx_HAL_Driver/Src/stm32l4xx_hal_adc.o
 .text.LL_ADC_IsEnabled
                0x08014fa4       0x26 ./Drivers/STM32L4xx_HAL_Driver/Src/stm32l4xx_hal_adc.o
 .text.LL_ADC_IsDisableOngoing
                0x08014fca       0x26 ./Drivers/STM32L4xx_HAL_Driver/Src/stm32l4xx_hal_adc.o
 .text.LL_ADC_REG_StartConversion
                0x08014ff0       0x28 ./Drivers/STM32L4xx_HAL_Driver/Src/stm32l4xx_hal_adc.o
 .text.LL_ADC_REG_StopConversion
                0x08015018       0x28 ./Drivers/STM32L4xx_HAL_Driver/Src/stm32l4xx_hal_adc.o
 .text.LL_ADC_REG_IsConversionOngoing
                0x08015040       0x26 ./Drivers/STM32L4xx_HAL_Driver/Src/stm32l4xx_hal_adc.o
 .text.LL_ADC_INJ_StopConversion
                0x08015066       0x28 ./Drivers/STM32L4xx_HAL_Driver/Src/stm32l4xx_hal_adc.o
 .text.LL_ADC_INJ_IsConversionOngoing
                0x0801508e       0x26 ./Drivers/STM32L4xx_HAL_Driver/Src/stm32l4xx_hal_adc.o
 .text.HAL_ADC_Init
                0x080150b4      0x2a0 ./Drivers/STM32L4xx_HAL_Driver/Src/stm32l4xx_hal_adc.o
                0x080150b4                HAL_ADC_Init
 .text.HAL_ADC_Start
                0x08015354      0x174 ./Drivers/STM32L4xx_HAL_Driver/Src/stm32l4xx_hal_adc.o
                0x08015354                HAL_ADC_Start
 .text.HAL_ADC_Stop
                0x080154c8       0x66 ./Drivers/STM32L4xx_HAL_Driver/Src/stm32l4xx_hal_adc.o
                0x080154c8                HAL_ADC_Stop
 *fill*         0x0801552e        0x2 
 .text.HAL_ADC_PollForConversion
                0x08015530      0x1b0 ./Drivers/STM32L4xx_HAL_Driver/Src/stm32l4xx_hal_adc.o
                0x08015530                HAL_ADC_PollForConversion
 .text.HAL_ADC_GetValue
                0x080156e0       0x1a ./Drivers/STM32L4xx_HAL_Driver/Src/stm32l4xx_hal_adc.o
                0x080156e0                HAL_ADC_GetValue
 *fill*         0x080156fa        0x2 
 .text.HAL_ADC_IRQHandler
                0x080156fc      0x434 ./Drivers/STM32L4xx_HAL_Driver/Src/stm32l4xx_hal_adc.o
                0x080156fc                HAL_ADC_IRQHandler
 .text.HAL_ADC_ConvCpltCallback
                0x08015b30       0x14 ./Drivers/STM32L4xx_HAL_Driver/Src/stm32l4xx_hal_adc.o
                0x08015b30                HAL_ADC_ConvCpltCallback
 .text.HAL_ADC_LevelOutOfWindowCallback
                0x08015b44       0x14 ./Drivers/STM32L4xx_HAL_Driver/Src/stm32l4xx_hal_adc.o
                0x08015b44                HAL_ADC_LevelOutOfWindowCallback
 .text.HAL_ADC_ErrorCallback
                0x08015b58       0x14 ./Drivers/STM32L4xx_HAL_Driver/Src/stm32l4xx_hal_adc.o
                0x08015b58                HAL_ADC_ErrorCallback
 .text.HAL_ADC_ConfigChannel
                0x08015b6c      0x7e4 ./Drivers/STM32L4xx_HAL_Driver/Src/stm32l4xx_hal_adc.o
                0x08015b6c                HAL_ADC_ConfigChannel
 .text.ADC_ConversionStop
                0x08016350      0x178 ./Drivers/STM32L4xx_HAL_Driver/Src/stm32l4xx_hal_adc.o
                0x08016350                ADC_ConversionStop
 .text.ADC_Enable
                0x080164c8      0x10c ./Drivers/STM32L4xx_HAL_Driver/Src/stm32l4xx_hal_adc.o
                0x080164c8                ADC_Enable
 .text.ADC_Disable
                0x080165d4       0xbe ./Drivers/STM32L4xx_HAL_Driver/Src/stm32l4xx_hal_adc.o
                0x080165d4                ADC_Disable
 .text.LL_ADC_IsEnabled
                0x08016692       0x26 ./Drivers/STM32L4xx_HAL_Driver/Src/stm32l4xx_hal_adc_ex.o
 .text.LL_ADC_REG_IsConversionOngoing
                0x080166b8       0x26 ./Drivers/STM32L4xx_HAL_Driver/Src/stm32l4xx_hal_adc_ex.o
 .text.HAL_ADCEx_InjectedConvCpltCallback
                0x080166de       0x14 ./Drivers/STM32L4xx_HAL_Driver/Src/stm32l4xx_hal_adc_ex.o
                0x080166de                HAL_ADCEx_InjectedConvCpltCallback
 .text.HAL_ADCEx_InjectedQueueOverflowCallback
                0x080166f2       0x14 ./Drivers/STM32L4xx_HAL_Driver/Src/stm32l4xx_hal_adc_ex.o
                0x080166f2                HAL_ADCEx_InjectedQueueOverflowCallback
 .text.HAL_ADCEx_LevelOutOfWindow2Callback
                0x08016706       0x14 ./Drivers/STM32L4xx_HAL_Driver/Src/stm32l4xx_hal_adc_ex.o
                0x08016706                HAL_ADCEx_LevelOutOfWindow2Callback
 .text.HAL_ADCEx_LevelOutOfWindow3Callback
                0x0801671a       0x14 ./Drivers/STM32L4xx_HAL_Driver/Src/stm32l4xx_hal_adc_ex.o
                0x0801671a                HAL_ADCEx_LevelOutOfWindow3Callback
 .text.HAL_ADCEx_EndOfSamplingCallback
                0x0801672e       0x14 ./Drivers/STM32L4xx_HAL_Driver/Src/stm32l4xx_hal_adc_ex.o
                0x0801672e                HAL_ADCEx_EndOfSamplingCallback
 *fill*         0x08016742        0x2 
 .text.HAL_ADCEx_MultiModeConfigChannel
                0x08016744      0x160 ./Drivers/STM32L4xx_HAL_Driver/Src/stm32l4xx_hal_adc_ex.o
                0x08016744                HAL_ADCEx_MultiModeConfigChannel
 .text.__NVIC_SetPriorityGrouping
                0x080168a4       0x48 ./Drivers/STM32L4xx_HAL_Driver/Src/stm32l4xx_hal_cortex.o
 .text.__NVIC_GetPriorityGrouping
                0x080168ec       0x1c ./Drivers/STM32L4xx_HAL_Driver/Src/stm32l4xx_hal_cortex.o
 .text.__NVIC_EnableIRQ
                0x08016908       0x3c ./Drivers/STM32L4xx_HAL_Driver/Src/stm32l4xx_hal_cortex.o
 .text.__NVIC_SetPriority
                0x08016944       0x54 ./Drivers/STM32L4xx_HAL_Driver/Src/stm32l4xx_hal_cortex.o
 .text.NVIC_EncodePriority
                0x08016998       0x66 ./Drivers/STM32L4xx_HAL_Driver/Src/stm32l4xx_hal_cortex.o
 *fill*         0x080169fe        0x2 
 .text.SysTick_Config
                0x08016a00       0x44 ./Drivers/STM32L4xx_HAL_Driver/Src/stm32l4xx_hal_cortex.o
 .text.HAL_NVIC_SetPriorityGrouping
                0x08016a44       0x16 ./Drivers/STM32L4xx_HAL_Driver/Src/stm32l4xx_hal_cortex.o
                0x08016a44                HAL_NVIC_SetPriorityGrouping
 .text.HAL_NVIC_SetPriority
                0x08016a5a       0x38 ./Drivers/STM32L4xx_HAL_Driver/Src/stm32l4xx_hal_cortex.o
                0x08016a5a                HAL_NVIC_SetPriority
 .text.HAL_NVIC_EnableIRQ
                0x08016a92       0x1c ./Drivers/STM32L4xx_HAL_Driver/Src/stm32l4xx_hal_cortex.o
                0x08016a92                HAL_NVIC_EnableIRQ
 .text.HAL_SYSTICK_Config
                0x08016aae       0x18 ./Drivers/STM32L4xx_HAL_Driver/Src/stm32l4xx_hal_cortex.o
                0x08016aae                HAL_SYSTICK_Config
 .text.HAL_DMA_Abort
                0x08016ac6       0x7c ./Drivers/STM32L4xx_HAL_Driver/Src/stm32l4xx_hal_dma.o
                0x08016ac6                HAL_DMA_Abort
 .text.HAL_DMA_Abort_IT
                0x08016b42       0x82 ./Drivers/STM32L4xx_HAL_Driver/Src/stm32l4xx_hal_dma.o
                0x08016b42                HAL_DMA_Abort_IT
 .text.HAL_GPIO_Init
                0x08016bc4      0x354 ./Drivers/STM32L4xx_HAL_Driver/Src/stm32l4xx_hal_gpio.o
                0x08016bc4                HAL_GPIO_Init
 .text.HAL_GPIO_ReadPin
                0x08016f18       0x30 ./Drivers/STM32L4xx_HAL_Driver/Src/stm32l4xx_hal_gpio.o
                0x08016f18                HAL_GPIO_ReadPin
 .text.HAL_GPIO_WritePin
                0x08016f48       0x30 ./Drivers/STM32L4xx_HAL_Driver/Src/stm32l4xx_hal_gpio.o
                0x08016f48                HAL_GPIO_WritePin
 .text.HAL_PWREx_GetVoltageRange
                0x08016f78       0x1c ./Drivers/STM32L4xx_HAL_Driver/Src/stm32l4xx_hal_pwr_ex.o
                0x08016f78                HAL_PWREx_GetVoltageRange
 .text.HAL_PWREx_ControlVoltageScaling
                0x08016f94       0xac ./Drivers/STM32L4xx_HAL_Driver/Src/stm32l4xx_hal_pwr_ex.o
                0x08016f94                HAL_PWREx_ControlVoltageScaling
 .text.HAL_RCC_OscConfig
                0x08017040      0x7b8 ./Drivers/STM32L4xx_HAL_Driver/Src/stm32l4xx_hal_rcc.o
                0x08017040                HAL_RCC_OscConfig
 .text.HAL_RCC_ClockConfig
                0x080177f8      0x200 ./Drivers/STM32L4xx_HAL_Driver/Src/stm32l4xx_hal_rcc.o
                0x080177f8                HAL_RCC_ClockConfig
 .text.HAL_RCC_GetSysClockFreq
                0x080179f8      0x118 ./Drivers/STM32L4xx_HAL_Driver/Src/stm32l4xx_hal_rcc.o
                0x080179f8                HAL_RCC_GetSysClockFreq
 .text.HAL_RCC_GetHCLKFreq
                0x08017b10       0x18 ./Drivers/STM32L4xx_HAL_Driver/Src/stm32l4xx_hal_rcc.o
                0x08017b10                HAL_RCC_GetHCLKFreq
 .text.HAL_RCC_GetPCLK1Freq
                0x08017b28       0x2c ./Drivers/STM32L4xx_HAL_Driver/Src/stm32l4xx_hal_rcc.o
                0x08017b28                HAL_RCC_GetPCLK1Freq
 .text.HAL_RCC_GetPCLK2Freq
                0x08017b54       0x2c ./Drivers/STM32L4xx_HAL_Driver/Src/stm32l4xx_hal_rcc.o
                0x08017b54                HAL_RCC_GetPCLK2Freq
 .text.RCC_SetFlashLatencyFromMSIRange
                0x08017b80       0xc0 ./Drivers/STM32L4xx_HAL_Driver/Src/stm32l4xx_hal_rcc.o
 .text.HAL_RCCEx_PeriphCLKConfig
                0x08017c40      0x5d4 ./Drivers/STM32L4xx_HAL_Driver/Src/stm32l4xx_hal_rcc_ex.o
                0x08017c40                HAL_RCCEx_PeriphCLKConfig
 .text.RCCEx_PLLSAI1_Config
                0x08018214      0x1e8 ./Drivers/STM32L4xx_HAL_Driver/Src/stm32l4xx_hal_rcc_ex.o
 .text.RCCEx_PLLSAI2_Config
                0x080183fc      0x1bc ./Drivers/STM32L4xx_HAL_Driver/Src/stm32l4xx_hal_rcc_ex.o
 .text.HAL_SPI_Init
                0x080185b8      0x146 ./Drivers/STM32L4xx_HAL_Driver/Src/stm32l4xx_hal_spi.o
                0x080185b8                HAL_SPI_Init
 .text.HAL_SPI_Transmit
                0x080186fe      0x2ec ./Drivers/STM32L4xx_HAL_Driver/Src/stm32l4xx_hal_spi.o
                0x080186fe                HAL_SPI_Transmit
 *fill*         0x080189ea        0x2 
 .text.SPI_WaitFlagStateUntilTimeout
                0x080189ec      0x110 ./Drivers/STM32L4xx_HAL_Driver/Src/stm32l4xx_hal_spi.o
 .text.SPI_WaitFifoStateUntilTimeout
                0x08018afc      0x12c ./Drivers/STM32L4xx_HAL_Driver/Src/stm32l4xx_hal_spi.o
 .text.SPI_EndRxTxTransaction
                0x08018c28       0x8c ./Drivers/STM32L4xx_HAL_Driver/Src/stm32l4xx_hal_spi.o
 .text.HAL_UART_Init
                0x08018cb4       0x9c ./Drivers/STM32L4xx_HAL_Driver/Src/stm32l4xx_hal_uart.o
                0x08018cb4                HAL_UART_Init
 .text.HAL_UART_Transmit
                0x08018d50      0x112 ./Drivers/STM32L4xx_HAL_Driver/Src/stm32l4xx_hal_uart.o
                0x08018d50                HAL_UART_Transmit
 *fill*         0x08018e62        0x2 
 .text.HAL_UART_Transmit_IT
                0x08018e64       0xbc ./Drivers/STM32L4xx_HAL_Driver/Src/stm32l4xx_hal_uart.o
                0x08018e64                HAL_UART_Transmit_IT
 .text.HAL_UART_Receive_IT
                0x08018f20       0x98 ./Drivers/STM32L4xx_HAL_Driver/Src/stm32l4xx_hal_uart.o
                0x08018f20                HAL_UART_Receive_IT
 .text.HAL_UART_IRQHandler
                0x08018fb8      0x60c ./Drivers/STM32L4xx_HAL_Driver/Src/stm32l4xx_hal_uart.o
                0x08018fb8                HAL_UART_IRQHandler
 .text.HAL_UART_ErrorCallback
                0x080195c4       0x14 ./Drivers/STM32L4xx_HAL_Driver/Src/stm32l4xx_hal_uart.o
                0x080195c4                HAL_UART_ErrorCallback
 .text.HAL_UARTEx_RxEventCallback
                0x080195d8       0x18 ./Drivers/STM32L4xx_HAL_Driver/Src/stm32l4xx_hal_uart.o
                0x080195d8                HAL_UARTEx_RxEventCallback
 .text.UART_SetConfig
                0x080195f0      0x570 ./Drivers/STM32L4xx_HAL_Driver/Src/stm32l4xx_hal_uart.o
                0x080195f0                UART_SetConfig
 .text.UART_AdvFeatureConfig
                0x08019b60      0x144 ./Drivers/STM32L4xx_HAL_Driver/Src/stm32l4xx_hal_uart.o
                0x08019b60                UART_AdvFeatureConfig
 .text.UART_CheckIdleState
                0x08019ca4      0x150 ./Drivers/STM32L4xx_HAL_Driver/Src/stm32l4xx_hal_uart.o
                0x08019ca4                UART_CheckIdleState
 .text.UART_WaitOnFlagUntilTimeout
                0x08019df4       0xda ./Drivers/STM32L4xx_HAL_Driver/Src/stm32l4xx_hal_uart.o
                0x08019df4                UART_WaitOnFlagUntilTimeout
 *fill*         0x08019ece        0x2 
 .text.UART_Start_Receive_IT
                0x08019ed0      0x18c ./Drivers/STM32L4xx_HAL_Driver/Src/stm32l4xx_hal_uart.o
                0x08019ed0                UART_Start_Receive_IT
 .text.UART_EndRxTransfer
                0x0801a05c       0xc8 ./Drivers/STM32L4xx_HAL_Driver/Src/stm32l4xx_hal_uart.o
 .text.UART_DMAAbortOnError
                0x0801a124       0x2c ./Drivers/STM32L4xx_HAL_Driver/Src/stm32l4xx_hal_uart.o
 .text.UART_TxISR_8BIT
                0x0801a150       0xb6 ./Drivers/STM32L4xx_HAL_Driver/Src/stm32l4xx_hal_uart.o
 .text.UART_TxISR_16BIT
                0x0801a206       0xc0 ./Drivers/STM32L4xx_HAL_Driver/Src/stm32l4xx_hal_uart.o
 .text.UART_EndTransmit_IT
                0x0801a2c6       0x54 ./Drivers/STM32L4xx_HAL_Driver/Src/stm32l4xx_hal_uart.o
 *fill*         0x0801a31a        0x2 
 .text.UART_RxISR_8BIT
                0x0801a31c      0x1bc ./Drivers/STM32L4xx_HAL_Driver/Src/stm32l4xx_hal_uart.o
 .text.UART_RxISR_16BIT
                0x0801a4d8      0x1bc ./Drivers/STM32L4xx_HAL_Driver/Src/stm32l4xx_hal_uart.o
 .text.HAL_UARTEx_WakeupCallback
                0x0801a694       0x14 ./Drivers/STM32L4xx_HAL_Driver/Src/stm32l4xx_hal_uart_ex.o
                0x0801a694                HAL_UARTEx_WakeupCallback
 .text.memset   0x0801a6a8       0x10 C:/Users/patry/Documents/stm32/STM32CubeIDE_1.16.1/STM32CubeIDE/plugins/com.st.stm32cube.ide.mcu.externaltools.gnu-tools-for-stm32.12.3.rel1.win32_1.0.200.202406191623/tools/bin/../lib/gcc/arm-none-eabi/12.3.1/../../../../arm-none-eabi/lib/thumb/v7e-m+fp/hard\libc_nano.a(libc_a-memset.o)
                0x0801a6a8                memset
 .text.__libc_init_array
                0x0801a6b8       0x48 C:/Users/patry/Documents/stm32/STM32CubeIDE_1.16.1/STM32CubeIDE/plugins/com.st.stm32cube.ide.mcu.externaltools.gnu-tools-for-stm32.12.3.rel1.win32_1.0.200.202406191623/tools/bin/../lib/gcc/arm-none-eabi/12.3.1/../../../../arm-none-eabi/lib/thumb/v7e-m+fp/hard\libc_nano.a(libc_a-init.o)
                0x0801a6b8                __libc_init_array
 *(.glue_7)
 .glue_7        0x0801a700        0x0 linker stubs
 *(.glue_7t)
 .glue_7t       0x0801a700        0x0 linker stubs
 *(.eh_frame)
 .eh_frame      0x0801a700        0x0 C:/Users/patry/Documents/stm32/STM32CubeIDE_1.16.1/STM32CubeIDE/plugins/com.st.stm32cube.ide.mcu.externaltools.gnu-tools-for-stm32.12.3.rel1.win32_1.0.200.202406191623/tools/bin/../lib/gcc/arm-none-eabi/12.3.1/thumb/v7e-m+fp/hard/crtbegin.o
 *(.init)
 .init          0x0801a700        0x4 C:/Users/patry/Documents/stm32/STM32CubeIDE_1.16.1/STM32CubeIDE/plugins/com.st.stm32cube.ide.mcu.externaltools.gnu-tools-for-stm32.12.3.rel1.win32_1.0.200.202406191623/tools/bin/../lib/gcc/arm-none-eabi/12.3.1/thumb/v7e-m+fp/hard/crti.o
                0x0801a700                _init
 .init          0x0801a704        0x8 C:/Users/patry/Documents/stm32/STM32CubeIDE_1.16.1/STM32CubeIDE/plugins/com.st.stm32cube.ide.mcu.externaltools.gnu-tools-for-stm32.12.3.rel1.win32_1.0.200.202406191623/tools/bin/../lib/gcc/arm-none-eabi/12.3.1/thumb/v7e-m+fp/hard/crtn.o
 *(.fini)
 .fini          0x0801a70c        0x4 C:/Users/patry/Documents/stm32/STM32CubeIDE_1.16.1/STM32CubeIDE/plugins/com.st.stm32cube.ide.mcu.externaltools.gnu-tools-for-stm32.12.3.rel1.win32_1.0.200.202406191623/tools/bin/../lib/gcc/arm-none-eabi/12.3.1/thumb/v7e-m+fp/hard/crti.o
                0x0801a70c                _fini
 .fini          0x0801a710        0x8 C:/Users/patry/Documents/stm32/STM32CubeIDE_1.16.1/STM32CubeIDE/plugins/com.st.stm32cube.ide.mcu.externaltools.gnu-tools-for-stm32.12.3.rel1.win32_1.0.200.202406191623/tools/bin/../lib/gcc/arm-none-eabi/12.3.1/thumb/v7e-m+fp/hard/crtn.o
                0x0801a718                        . = ALIGN (0x4)
                0x0801a718                        _etext = .

.vfp11_veneer   0x0801a718        0x0
 .vfp11_veneer  0x0801a718        0x0 linker stubs

.v4_bx          0x0801a718        0x0
 .v4_bx         0x0801a718        0x0 linker stubs

.iplt           0x0801a718        0x0
 .iplt          0x0801a718        0x0 C:/Users/patry/Documents/stm32/STM32CubeIDE_1.16.1/STM32CubeIDE/plugins/com.st.stm32cube.ide.mcu.externaltools.gnu-tools-for-stm32.12.3.rel1.win32_1.0.200.202406191623/tools/bin/../lib/gcc/arm-none-eabi/12.3.1/thumb/v7e-m+fp/hard/crtbegin.o

.rodata         0x0801a718      0x140
                0x0801a718                        . = ALIGN (0x4)
 *(.rodata)
 *(.rodata*)
 .rodata.seg_0  0x0801a718        0xc ./Core/Src/main.o
 .rodata.seg_1  0x0801a724        0x4 ./Core/Src/main.o
 .rodata.seg_2  0x0801a728        0xa ./Core/Src/main.o
 *fill*         0x0801a732        0x2 
 .rodata.seg_3  0x0801a734        0xa ./Core/Src/main.o
 *fill*         0x0801a73e        0x2 
 .rodata.seg_4  0x0801a740        0x8 ./Core/Src/main.o
 .rodata.seg_5  0x0801a748        0xa ./Core/Src/main.o
 *fill*         0x0801a752        0x2 
 .rodata.seg_6  0x0801a754        0xc ./Core/Src/main.o
 .rodata.seg_7  0x0801a760        0x6 ./Core/Src/main.o
 *fill*         0x0801a766        0x2 
 .rodata.seg_8  0x0801a768        0xe ./Core/Src/main.o
 *fill*         0x0801a776        0x2 
 .rodata.seg_9  0x0801a778        0xc ./Core/Src/main.o
 .rodata.seg2_0
                0x0801a784        0xc ./Core/Src/main.o
 .rodata.seg2_1
                0x0801a790        0x4 ./Core/Src/main.o
 .rodata.seg2_2
                0x0801a794        0xa ./Core/Src/main.o
 *fill*         0x0801a79e        0x2 
 .rodata.seg2_3
                0x0801a7a0        0xa ./Core/Src/main.o
 *fill*         0x0801a7aa        0x2 
 .rodata.seg2_4
                0x0801a7ac        0x8 ./Core/Src/main.o
 .rodata.seg2_5
                0x0801a7b4        0xa ./Core/Src/main.o
 *fill*         0x0801a7be        0x2 
 .rodata.seg2_6
                0x0801a7c0        0xc ./Core/Src/main.o
 .rodata.seg2_7
                0x0801a7cc        0x6 ./Core/Src/main.o
 *fill*         0x0801a7d2        0x2 
 .rodata.seg2_8
                0x0801a7d4        0xe ./Core/Src/main.o
 *fill*         0x0801a7e2        0x2 
 .rodata.seg2_9
                0x0801a7e4        0xc ./Core/Src/main.o
 .rodata.all    0x0801a7f0        0xe ./Core/Src/main.o
 *fill*         0x0801a7fe        0x2 
 .rodata.all2   0x0801a800        0xe ./Core/Src/main.o
 *fill*         0x0801a80e        0x2 
 .rodata.AHBPrescTable
                0x0801a810       0x10 ./Core/Src/system_stm32l4xx.o
                0x0801a810                AHBPrescTable
 .rodata.APBPrescTable
                0x0801a820        0x8 ./Core/Src/system_stm32l4xx.o
                0x0801a820                APBPrescTable
 .rodata.MSIRangeTable
                0x0801a828       0x30 ./Core/Src/system_stm32l4xx.o
                0x0801a828                MSIRangeTable
                0x0801a858                        . = ALIGN (0x4)

.ARM.extab      0x0801a858        0x0
                0x0801a858                        . = ALIGN (0x4)
 *(.ARM.extab* .gnu.linkonce.armextab.*)
                0x0801a858                        . = ALIGN (0x4)

.ARM            0x0801a858        0x8
                0x0801a858                        . = ALIGN (0x4)
                0x0801a858                        __exidx_start = .
 *(.ARM.exidx*)
 .ARM.exidx     0x0801a858        0x8 C:/Users/patry/Documents/stm32/STM32CubeIDE_1.16.1/STM32CubeIDE/plugins/com.st.stm32cube.ide.mcu.externaltools.gnu-tools-for-stm32.12.3.rel1.win32_1.0.200.202406191623/tools/bin/../lib/gcc/arm-none-eabi/12.3.1/thumb/v7e-m+fp/hard\libgcc.a(_udivmoddi4.o)
                0x0801a860                        __exidx_end = .
                0x0801a860                        . = ALIGN (0x4)

.preinit_array  0x0801a860        0x0
                0x0801a860                        . = ALIGN (0x4)
                0x0801a860                        PROVIDE (__preinit_array_start = .)
 *(.preinit_array*)
                0x0801a860                        PROVIDE (__preinit_array_end = .)
                0x0801a860                        . = ALIGN (0x4)

.init_array     0x0801a860        0x4
                0x0801a860                        . = ALIGN (0x4)
                0x0801a860                        PROVIDE (__init_array_start = .)
 *(SORT_BY_NAME(.init_array.*))
 *(.init_array*)
 .init_array    0x0801a860        0x4 C:/Users/patry/Documents/stm32/STM32CubeIDE_1.16.1/STM32CubeIDE/plugins/com.st.stm32cube.ide.mcu.externaltools.gnu-tools-for-stm32.12.3.rel1.win32_1.0.200.202406191623/tools/bin/../lib/gcc/arm-none-eabi/12.3.1/thumb/v7e-m+fp/hard/crtbegin.o
                0x0801a864                        PROVIDE (__init_array_end = .)
                0x0801a864                        . = ALIGN (0x4)

.fini_array     0x0801a864        0x4
                0x0801a864                        . = ALIGN (0x4)
                [!provide]                        PROVIDE (__fini_array_start = .)
 *(SORT_BY_NAME(.fini_array.*))
 *(.fini_array*)
 .fini_array    0x0801a864        0x4 C:/Users/patry/Documents/stm32/STM32CubeIDE_1.16.1/STM32CubeIDE/plugins/com.st.stm32cube.ide.mcu.externaltools.gnu-tools-for-stm32.12.3.rel1.win32_1.0.200.202406191623/tools/bin/../lib/gcc/arm-none-eabi/12.3.1/thumb/v7e-m+fp/hard/crtbegin.o
                [!provide]                        PROVIDE (__fini_array_end = .)
                0x0801a868                        . = ALIGN (0x4)
                0x0801a868                        _sidata = LOADADDR (.data)

.rel.dyn        0x0801a868        0x0
 .rel.iplt      0x0801a868        0x0 C:/Users/patry/Documents/stm32/STM32CubeIDE_1.16.1/STM32CubeIDE/plugins/com.st.stm32cube.ide.mcu.externaltools.gnu-tools-for-stm32.12.3.rel1.win32_1.0.200.202406191623/tools/bin/../lib/gcc/arm-none-eabi/12.3.1/thumb/v7e-m+fp/hard/crtbegin.o

.data           0x20000000      0x390 load address 0x0801a868
                0x20000000                        . = ALIGN (0x4)
                0x20000000                        _sdata = .
 *(.data)
 *(.data*)
 .data.diody    0x20000000       0x22 ./Core/Src/main.o
                0x20000000                diody
 *fill*         0x20000022        0x2 
 .data.led1_on  0x20000024       0x18 ./Core/Src/main.o
                0x20000024                led1_on
 .data.led2_on  0x2000003c       0x15 ./Core/Src/main.o
                0x2000003c                led2_on
 *fill*         0x20000051        0x3 
 .data.led3_on  0x20000054       0x17 ./Core/Src/main.o
                0x20000054                led3_on
 *fill*         0x2000006b        0x1 
 .data.led1_off
                0x2000006c       0x18 ./Core/Src/main.o
                0x2000006c                led1_off
 .data.led2_off
                0x20000084       0x15 ./Core/Src/main.o
                0x20000084                led2_off
 *fill*         0x20000099        0x3 
 .data.led3_off
                0x2000009c       0x17 ./Core/Src/main.o
                0x2000009c                led3_off
 *fill*         0x200000b3        0x1 
 .data.all_off  0x200000b4       0x19 ./Core/Src/main.o
                0x200000b4                all_off
 *fill*         0x200000cd        0x3 
 .data.tsegment
                0x200000d0       0x17 ./Core/Src/main.o
                0x200000d0                tsegment
 *fill*         0x200000e7        0x1 
 .data.line     0x200000e8       0x23 ./Core/Src/main.o
                0x200000e8                line
 *fill*         0x2000010b        0x1 
 .data.dadc     0x2000010c       0x2c ./Core/Src/main.o
                0x2000010c                dadc
 .data.led      0x20000138       0x2c ./Core/Src/main.o
                0x20000138                led
 .data.powitanie
                0x20000164      0x21f ./Core/Src/main.o
                0x20000164                powitanie
 *fill*         0x20000383        0x1 
 .data.SystemCoreClock
                0x20000384        0x4 ./Core/Src/system_stm32l4xx.o
                0x20000384                SystemCoreClock
 .data.uwTickPrio
                0x20000388        0x4 ./Drivers/STM32L4xx_HAL_Driver/Src/stm32l4xx_hal.o
                0x20000388                uwTickPrio
 .data.uwTickFreq
                0x2000038c        0x1 ./Drivers/STM32L4xx_HAL_Driver/Src/stm32l4xx_hal.o
                0x2000038c                uwTickFreq
 *(.RamFunc)
 *(.RamFunc*)
                0x20000390                        . = ALIGN (0x4)
 *fill*         0x2000038d        0x3 
                0x20000390                        _edata = .

.igot.plt       0x20000390        0x0 load address 0x0801abf8
 .igot.plt      0x20000390        0x0 C:/Users/patry/Documents/stm32/STM32CubeIDE_1.16.1/STM32CubeIDE/plugins/com.st.stm32cube.ide.mcu.externaltools.gnu-tools-for-stm32.12.3.rel1.win32_1.0.200.202406191623/tools/bin/../lib/gcc/arm-none-eabi/12.3.1/thumb/v7e-m+fp/hard/crtbegin.o
                0x20000390                        . = ALIGN (0x4)

.bss            0x20000390      0x204 load address 0x0801abf8
                0x20000390                        _sbss = .
                0x20000390                        __bss_start__ = _sbss
 *(.bss)
 .bss           0x20000390       0x1c C:/Users/patry/Documents/stm32/STM32CubeIDE_1.16.1/STM32CubeIDE/plugins/com.st.stm32cube.ide.mcu.externaltools.gnu-tools-for-stm32.12.3.rel1.win32_1.0.200.202406191623/tools/bin/../lib/gcc/arm-none-eabi/12.3.1/thumb/v7e-m+fp/hard/crtbegin.o
 *(.bss*)
 .bss.hadc1     0x200003ac       0x64 ./Core/Src/adc.o
                0x200003ac                hadc1
 .bss.hadc2     0x20000410       0x64 ./Core/Src/adc.o
                0x20000410                hadc2
 .bss.HAL_RCC_ADC_CLK_ENABLED
                0x20000474        0x4 ./Core/Src/adc.o
 .bss.odebrano  0x20000478        0x1 ./Core/Src/main.o
                0x20000478                odebrano
 .bss.lineON    0x20000479        0x1 ./Core/Src/main.o
                0x20000479                lineON
 .bss.aDC1      0x2000047a        0x1 ./Core/Src/main.o
                0x2000047a                aDC1
 .bss.aDC2      0x2000047b        0x1 ./Core/Src/main.o
                0x2000047b                aDC2
 .bss.aDC1_wyslano
                0x2000047c        0x1 ./Core/Src/main.o
                0x2000047c                aDC1_wyslano
 .bss.dSTATE    0x2000047d        0x1 ./Core/Src/main.o
                0x2000047d                dSTATE
 *fill*         0x2000047e        0x2 
 .bss.bufRxIndex
                0x20000480        0x4 ./Core/Src/main.o
                0x20000480                bufRxIndex
 .bss.rozmiar   0x20000484        0x4 ./Core/Src/main.o
                0x20000484                rozmiar
 .bss.tryb      0x20000488        0x4 ./Core/Src/main.o
                0x20000488                tryb
 .bss.num1      0x2000048c        0x4 ./Core/Src/main.o
                0x2000048c                num1
 .bss.buforRx   0x20000490       0x11 ./Core/Src/main.o
                0x20000490                buforRx
 *fill*         0x200004a1        0x3 
 .bss.hspi3     0x200004a4       0x64 ./Core/Src/spi.o
                0x200004a4                hspi3
 .bss.huart2    0x20000508       0x88 ./Core/Src/usart.o
                0x20000508                huart2
 .bss.uwTick    0x20000590        0x4 ./Drivers/STM32L4xx_HAL_Driver/Src/stm32l4xx_hal.o
                0x20000590                uwTick
 *(COMMON)
                0x20000594                        . = ALIGN (0x4)
                0x20000594                        _ebss = .
                0x20000594                        __bss_end__ = _ebss

._user_heap_stack
                0x20000594      0x604 load address 0x0801abf8
                0x20000598                        . = ALIGN (0x8)
 *fill*         0x20000594        0x4 
                [!provide]                        PROVIDE (end = .)
                0x20000598                        PROVIDE (_end = .)
                0x20000798                        . = (. + _Min_Heap_Size)
 *fill*         0x20000598      0x200 
                0x20000b98                        . = (. + _Min_Stack_Size)
 *fill*         0x20000798      0x400 
                0x20000b98                        . = ALIGN (0x8)

/DISCARD/
 libc.a(*)
 libm.a(*)
 libgcc.a(*)

.ARM.attributes
                0x00000000       0x30
 *(.ARM.attributes)
 .ARM.attributes
                0x00000000       0x22 C:/Users/patry/Documents/stm32/STM32CubeIDE_1.16.1/STM32CubeIDE/plugins/com.st.stm32cube.ide.mcu.externaltools.gnu-tools-for-stm32.12.3.rel1.win32_1.0.200.202406191623/tools/bin/../lib/gcc/arm-none-eabi/12.3.1/thumb/v7e-m+fp/hard/crti.o
 .ARM.attributes
                0x00000022       0x34 C:/Users/patry/Documents/stm32/STM32CubeIDE_1.16.1/STM32CubeIDE/plugins/com.st.stm32cube.ide.mcu.externaltools.gnu-tools-for-stm32.12.3.rel1.win32_1.0.200.202406191623/tools/bin/../lib/gcc/arm-none-eabi/12.3.1/thumb/v7e-m+fp/hard/crtbegin.o
 .ARM.attributes
                0x00000056       0x34 ./Core/Src/adc.o
 .ARM.attributes
                0x0000008a       0x34 ./Core/Src/gpio.o
 .ARM.attributes
                0x000000be       0x34 ./Core/Src/main.o
 .ARM.attributes
                0x000000f2       0x34 ./Core/Src/spi.o
 .ARM.attributes
                0x00000126       0x34 ./Core/Src/stm32l4xx_hal_msp.o
 .ARM.attributes
                0x0000015a       0x34 ./Core/Src/stm32l4xx_it.o
 .ARM.attributes
                0x0000018e       0x34 ./Core/Src/system_stm32l4xx.o
 .ARM.attributes
                0x000001c2       0x34 ./Core/Src/usart.o
 .ARM.attributes
                0x000001f6       0x21 ./Core/Startup/startup_stm32l476rgtx.o
 .ARM.attributes
                0x00000217       0x34 ./Drivers/STM32L4xx_HAL_Driver/Src/stm32l4xx_hal.o
 .ARM.attributes
                0x0000024b       0x34 ./Drivers/STM32L4xx_HAL_Driver/Src/stm32l4xx_hal_adc.o
 .ARM.attributes
                0x0000027f       0x34 ./Drivers/STM32L4xx_HAL_Driver/Src/stm32l4xx_hal_adc_ex.o
 .ARM.attributes
                0x000002b3       0x34 ./Drivers/STM32L4xx_HAL_Driver/Src/stm32l4xx_hal_cortex.o
 .ARM.attributes
                0x000002e7       0x34 ./Drivers/STM32L4xx_HAL_Driver/Src/stm32l4xx_hal_dma.o
 .ARM.attributes
                0x0000031b       0x34 ./Drivers/STM32L4xx_HAL_Driver/Src/stm32l4xx_hal_gpio.o
 .ARM.attributes
                0x0000034f       0x34 ./Drivers/STM32L4xx_HAL_Driver/Src/stm32l4xx_hal_pwr_ex.o
 .ARM.attributes
                0x00000383       0x34 ./Drivers/STM32L4xx_HAL_Driver/Src/stm32l4xx_hal_rcc.o
 .ARM.attributes
                0x000003b7       0x34 ./Drivers/STM32L4xx_HAL_Driver/Src/stm32l4xx_hal_rcc_ex.o
 .ARM.attributes
                0x000003eb       0x34 ./Drivers/STM32L4xx_HAL_Driver/Src/stm32l4xx_hal_spi.o
 .ARM.attributes
                0x0000041f       0x34 ./Drivers/STM32L4xx_HAL_Driver/Src/stm32l4xx_hal_uart.o
 .ARM.attributes
                0x00000453       0x34 ./Drivers/STM32L4xx_HAL_Driver/Src/stm32l4xx_hal_uart_ex.o
 .ARM.attributes
                0x00000487       0x34 C:/Users/patry/Documents/stm32/STM32CubeIDE_1.16.1/STM32CubeIDE/plugins/com.st.stm32cube.ide.mcu.externaltools.gnu-tools-for-stm32.12.3.rel1.win32_1.0.200.202406191623/tools/bin/../lib/gcc/arm-none-eabi/12.3.1/../../../../arm-none-eabi/lib/thumb/v7e-m+fp/hard\libc_nano.a(libc_a-memset.o)
 .ARM.attributes
                0x000004bb       0x34 C:/Users/patry/Documents/stm32/STM32CubeIDE_1.16.1/STM32CubeIDE/plugins/com.st.stm32cube.ide.mcu.externaltools.gnu-tools-for-stm32.12.3.rel1.win32_1.0.200.202406191623/tools/bin/../lib/gcc/arm-none-eabi/12.3.1/../../../../arm-none-eabi/lib/thumb/v7e-m+fp/hard\libc_nano.a(libc_a-init.o)
 .ARM.attributes
                0x000004ef       0x22 C:/Users/patry/Documents/stm32/STM32CubeIDE_1.16.1/STM32CubeIDE/plugins/com.st.stm32cube.ide.mcu.externaltools.gnu-tools-for-stm32.12.3.rel1.win32_1.0.200.202406191623/tools/bin/../lib/gcc/arm-none-eabi/12.3.1/thumb/v7e-m+fp/hard\libgcc.a(_arm_muldf3.o)
 .ARM.attributes
                0x00000511       0x22 C:/Users/patry/Documents/stm32/STM32CubeIDE_1.16.1/STM32CubeIDE/plugins/com.st.stm32cube.ide.mcu.externaltools.gnu-tools-for-stm32.12.3.rel1.win32_1.0.200.202406191623/tools/bin/../lib/gcc/arm-none-eabi/12.3.1/thumb/v7e-m+fp/hard\libgcc.a(_arm_addsubdf3.o)
 .ARM.attributes
                0x00000533       0x22 C:/Users/patry/Documents/stm32/STM32CubeIDE_1.16.1/STM32CubeIDE/plugins/com.st.stm32cube.ide.mcu.externaltools.gnu-tools-for-stm32.12.3.rel1.win32_1.0.200.202406191623/tools/bin/../lib/gcc/arm-none-eabi/12.3.1/thumb/v7e-m+fp/hard\libgcc.a(_arm_cmpdf2.o)
 .ARM.attributes
                0x00000555       0x22 C:/Users/patry/Documents/stm32/STM32CubeIDE_1.16.1/STM32CubeIDE/plugins/com.st.stm32cube.ide.mcu.externaltools.gnu-tools-for-stm32.12.3.rel1.win32_1.0.200.202406191623/tools/bin/../lib/gcc/arm-none-eabi/12.3.1/thumb/v7e-m+fp/hard\libgcc.a(_arm_truncdfsf2.o)
 .ARM.attributes
                0x00000577       0x22 C:/Users/patry/Documents/stm32/STM32CubeIDE_1.16.1/STM32CubeIDE/plugins/com.st.stm32cube.ide.mcu.externaltools.gnu-tools-for-stm32.12.3.rel1.win32_1.0.200.202406191623/tools/bin/../lib/gcc/arm-none-eabi/12.3.1/thumb/v7e-m+fp/hard\libgcc.a(_aeabi_uldivmod.o)
 .ARM.attributes
                0x00000599       0x34 C:/Users/patry/Documents/stm32/STM32CubeIDE_1.16.1/STM32CubeIDE/plugins/com.st.stm32cube.ide.mcu.externaltools.gnu-tools-for-stm32.12.3.rel1.win32_1.0.200.202406191623/tools/bin/../lib/gcc/arm-none-eabi/12.3.1/thumb/v7e-m+fp/hard\libgcc.a(_udivmoddi4.o)
 .ARM.attributes
                0x000005cd       0x22 C:/Users/patry/Documents/stm32/STM32CubeIDE_1.16.1/STM32CubeIDE/plugins/com.st.stm32cube.ide.mcu.externaltools.gnu-tools-for-stm32.12.3.rel1.win32_1.0.200.202406191623/tools/bin/../lib/gcc/arm-none-eabi/12.3.1/thumb/v7e-m+fp/hard\libgcc.a(_dvmd_tls.o)
 .ARM.attributes
                0x000005ef       0x22 C:/Users/patry/Documents/stm32/STM32CubeIDE_1.16.1/STM32CubeIDE/plugins/com.st.stm32cube.ide.mcu.externaltools.gnu-tools-for-stm32.12.3.rel1.win32_1.0.200.202406191623/tools/bin/../lib/gcc/arm-none-eabi/12.3.1/thumb/v7e-m+fp/hard/crtn.o
OUTPUT(stm32_nauka.elf elf32-littlearm)
LOAD linker stubs
LOAD C:/Users/patry/Documents/stm32/STM32CubeIDE_1.16.1/STM32CubeIDE/plugins/com.st.stm32cube.ide.mcu.externaltools.gnu-tools-for-stm32.12.3.rel1.win32_1.0.200.202406191623/tools/bin/../lib/gcc/arm-none-eabi/12.3.1/../../../../arm-none-eabi/lib/thumb/v7e-m+fp/hard\libc.a
LOAD C:/Users/patry/Documents/stm32/STM32CubeIDE_1.16.1/STM32CubeIDE/plugins/com.st.stm32cube.ide.mcu.externaltools.gnu-tools-for-stm32.12.3.rel1.win32_1.0.200.202406191623/tools/bin/../lib/gcc/arm-none-eabi/12.3.1/../../../../arm-none-eabi/lib/thumb/v7e-m+fp/hard\libm.a
LOAD C:/Users/patry/Documents/stm32/STM32CubeIDE_1.16.1/STM32CubeIDE/plugins/com.st.stm32cube.ide.mcu.externaltools.gnu-tools-for-stm32.12.3.rel1.win32_1.0.200.202406191623/tools/bin/../lib/gcc/arm-none-eabi/12.3.1/thumb/v7e-m+fp/hard\libgcc.a

.debug_info     0x00000000    0x16358
 .debug_info    0x00000000      0xf4d ./Core/Src/adc.o
 .debug_info    0x00000f4d      0x457 ./Core/Src/gpio.o
 .debug_info    0x000013a4     0x407d ./Core/Src/main.o
 .debug_info    0x00005421      0x985 ./Core/Src/spi.o
 .debug_info    0x00005da6      0x2cc ./Core/Src/stm32l4xx_hal_msp.o
 .debug_info    0x00006072      0xb64 ./Core/Src/stm32l4xx_it.o
 .debug_info    0x00006bd6      0x5b1 ./Core/Src/system_stm32l4xx.o
 .debug_info    0x00007187      0xf9a ./Core/Src/usart.o
 .debug_info    0x00008121       0x30 ./Core/Startup/startup_stm32l476rgtx.o
 .debug_info    0x00008151      0xaeb ./Drivers/STM32L4xx_HAL_Driver/Src/stm32l4xx_hal.o
 .debug_info    0x00008c3c     0x1db8 ./Drivers/STM32L4xx_HAL_Driver/Src/stm32l4xx_hal_adc.o
 .debug_info    0x0000a9f4     0x1b24 ./Drivers/STM32L4xx_HAL_Driver/Src/stm32l4xx_hal_adc_ex.o
 .debug_info    0x0000c518      0xd81 ./Drivers/STM32L4xx_HAL_Driver/Src/stm32l4xx_hal_cortex.o
 .debug_info    0x0000d299      0x6f4 ./Drivers/STM32L4xx_HAL_Driver/Src/stm32l4xx_hal_dma.o
 .debug_info    0x0000d98d      0x757 ./Drivers/STM32L4xx_HAL_Driver/Src/stm32l4xx_hal_gpio.o
 .debug_info    0x0000e0e4      0x99e ./Drivers/STM32L4xx_HAL_Driver/Src/stm32l4xx_hal_pwr_ex.o
 .debug_info    0x0000ea82      0xc14 ./Drivers/STM32L4xx_HAL_Driver/Src/stm32l4xx_hal_rcc.o
 .debug_info    0x0000f696      0xe11 ./Drivers/STM32L4xx_HAL_Driver/Src/stm32l4xx_hal_rcc_ex.o
 .debug_info    0x000104a7     0x1549 ./Drivers/STM32L4xx_HAL_Driver/Src/stm32l4xx_hal_spi.o
 .debug_info    0x000119f0     0x3b69 ./Drivers/STM32L4xx_HAL_Driver/Src/stm32l4xx_hal_uart.o
 .debug_info    0x00015559      0xdff ./Drivers/STM32L4xx_HAL_Driver/Src/stm32l4xx_hal_uart_ex.o

.debug_abbrev   0x00000000     0x2c52
 .debug_abbrev  0x00000000      0x1fe ./Core/Src/adc.o
 .debug_abbrev  0x000001fe      0x152 ./Core/Src/gpio.o
 .debug_abbrev  0x00000350      0x322 ./Core/Src/main.o
 .debug_abbrev  0x00000672      0x1fa ./Core/Src/spi.o
 .debug_abbrev  0x0000086c       0xe2 ./Core/Src/stm32l4xx_hal_msp.o
 .debug_abbrev  0x0000094e      0x197 ./Core/Src/stm32l4xx_it.o
 .debug_abbrev  0x00000ae5      0x11a ./Core/Src/system_stm32l4xx.o
 .debug_abbrev  0x00000bff      0x1fb ./Core/Src/usart.o
 .debug_abbrev  0x00000dfa       0x24 ./Core/Startup/startup_stm32l476rgtx.o
 .debug_abbrev  0x00000e1e      0x242 ./Drivers/STM32L4xx_HAL_Driver/Src/stm32l4xx_hal.o
 .debug_abbrev  0x00001060      0x2de ./Drivers/STM32L4xx_HAL_Driver/Src/stm32l4xx_hal_adc.o
 .debug_abbrev  0x0000133e      0x2f1 ./Drivers/STM32L4xx_HAL_Driver/Src/stm32l4xx_hal_adc_ex.o
 .debug_abbrev  0x0000162f      0x31c ./Drivers/STM32L4xx_HAL_Driver/Src/stm32l4xx_hal_cortex.o
 .debug_abbrev  0x0000194b      0x1e4 ./Drivers/STM32L4xx_HAL_Driver/Src/stm32l4xx_hal_dma.o
 .debug_abbrev  0x00001b2f      0x1cb ./Drivers/STM32L4xx_HAL_Driver/Src/stm32l4xx_hal_gpio.o
 .debug_abbrev  0x00001cfa      0x1f9 ./Drivers/STM32L4xx_HAL_Driver/Src/stm32l4xx_hal_pwr_ex.o
 .debug_abbrev  0x00001ef3      0x2cb ./Drivers/STM32L4xx_HAL_Driver/Src/stm32l4xx_hal_rcc.o
 .debug_abbrev  0x000021be      0x2a6 ./Drivers/STM32L4xx_HAL_Driver/Src/stm32l4xx_hal_rcc_ex.o
 .debug_abbrev  0x00002464      0x260 ./Drivers/STM32L4xx_HAL_Driver/Src/stm32l4xx_hal_spi.o
 .debug_abbrev  0x000026c4      0x2d0 ./Drivers/STM32L4xx_HAL_Driver/Src/stm32l4xx_hal_uart.o
 .debug_abbrev  0x00002994      0x2be ./Drivers/STM32L4xx_HAL_Driver/Src/stm32l4xx_hal_uart_ex.o

.debug_aranges  0x00000000     0x1218
 .debug_aranges
                0x00000000       0x38 ./Core/Src/adc.o
 .debug_aranges
                0x00000038       0x20 ./Core/Src/gpio.o
 .debug_aranges
                0x00000058      0x258 ./Core/Src/main.o
 .debug_aranges
                0x000002b0       0x30 ./Core/Src/spi.o
 .debug_aranges
                0x000002e0       0x20 ./Core/Src/stm32l4xx_hal_msp.o
 .debug_aranges
                0x00000300       0x70 ./Core/Src/stm32l4xx_it.o
 .debug_aranges
                0x00000370       0x28 ./Core/Src/system_stm32l4xx.o
 .debug_aranges
                0x00000398       0x30 ./Core/Src/usart.o
 .debug_aranges
                0x000003c8       0x28 ./Core/Startup/startup_stm32l476rgtx.o
 .debug_aranges
                0x000003f0      0x130 ./Drivers/STM32L4xx_HAL_Driver/Src/stm32l4xx_hal.o
 .debug_aranges
                0x00000520      0x220 ./Drivers/STM32L4xx_HAL_Driver/Src/stm32l4xx_hal_adc.o
 .debug_aranges
                0x00000740      0x1a8 ./Drivers/STM32L4xx_HAL_Driver/Src/stm32l4xx_hal_adc_ex.o
 .debug_aranges
                0x000008e8      0x128 ./Drivers/STM32L4xx_HAL_Driver/Src/stm32l4xx_hal_cortex.o
 .debug_aranges
                0x00000a10       0x80 ./Drivers/STM32L4xx_HAL_Driver/Src/stm32l4xx_hal_dma.o
 .debug_aranges
                0x00000a90       0x58 ./Drivers/STM32L4xx_HAL_Driver/Src/stm32l4xx_hal_gpio.o
 .debug_aranges
                0x00000ae8      0x160 ./Drivers/STM32L4xx_HAL_Driver/Src/stm32l4xx_hal_pwr_ex.o
 .debug_aranges
                0x00000c48       0x90 ./Drivers/STM32L4xx_HAL_Driver/Src/stm32l4xx_hal_rcc.o
 .debug_aranges
                0x00000cd8       0xc0 ./Drivers/STM32L4xx_HAL_Driver/Src/stm32l4xx_hal_rcc_ex.o
 .debug_aranges
                0x00000d98      0x1d8 ./Drivers/STM32L4xx_HAL_Driver/Src/stm32l4xx_hal_spi.o
 .debug_aranges
                0x00000f70      0x228 ./Drivers/STM32L4xx_HAL_Driver/Src/stm32l4xx_hal_uart.o
 .debug_aranges
                0x00001198       0x80 ./Drivers/STM32L4xx_HAL_Driver/Src/stm32l4xx_hal_uart_ex.o

.debug_rnglists
                0x00000000      0xe1e
 .debug_rnglists
                0x00000000       0x29 ./Core/Src/adc.o
 .debug_rnglists
                0x00000029       0x14 ./Core/Src/gpio.o
 .debug_rnglists
                0x0000003d      0x1f9 ./Core/Src/main.o
 .debug_rnglists
                0x00000236       0x20 ./Core/Src/spi.o
 .debug_rnglists
                0x00000256       0x13 ./Core/Src/stm32l4xx_hal_msp.o
 .debug_rnglists
                0x00000269       0x4f ./Core/Src/stm32l4xx_it.o
 .debug_rnglists
                0x000002b8       0x1a ./Core/Src/system_stm32l4xx.o
 .debug_rnglists
                0x000002d2       0x20 ./Core/Src/usart.o
 .debug_rnglists
                0x000002f2       0x19 ./Core/Startup/startup_stm32l476rgtx.o
 .debug_rnglists
                0x0000030b       0xdf ./Drivers/STM32L4xx_HAL_Driver/Src/stm32l4xx_hal.o
 .debug_rnglists
                0x000003ea      0x1b1 ./Drivers/STM32L4xx_HAL_Driver/Src/stm32l4xx_hal_adc.o
 .debug_rnglists
                0x0000059b      0x148 ./Drivers/STM32L4xx_HAL_Driver/Src/stm32l4xx_hal_adc_ex.o
 .debug_rnglists
                0x000006e3       0xda ./Drivers/STM32L4xx_HAL_Driver/Src/stm32l4xx_hal_cortex.o
 .debug_rnglists
                0x000007bd       0x64 ./Drivers/STM32L4xx_HAL_Driver/Src/stm32l4xx_hal_dma.o
 .debug_rnglists
                0x00000821       0x3f ./Drivers/STM32L4xx_HAL_Driver/Src/stm32l4xx_hal_gpio.o
 .debug_rnglists
                0x00000860      0x109 ./Drivers/STM32L4xx_HAL_Driver/Src/stm32l4xx_hal_pwr_ex.o
 .debug_rnglists
                0x00000969       0x6d ./Drivers/STM32L4xx_HAL_Driver/Src/stm32l4xx_hal_rcc.o
 .debug_rnglists
                0x000009d6       0x95 ./Drivers/STM32L4xx_HAL_Driver/Src/stm32l4xx_hal_rcc_ex.o
 .debug_rnglists
                0x00000a6b      0x178 ./Drivers/STM32L4xx_HAL_Driver/Src/stm32l4xx_hal_spi.o
 .debug_rnglists
                0x00000be3      0x1db ./Drivers/STM32L4xx_HAL_Driver/Src/stm32l4xx_hal_uart.o
 .debug_rnglists
                0x00000dbe       0x60 ./Drivers/STM32L4xx_HAL_Driver/Src/stm32l4xx_hal_uart_ex.o

.debug_macro    0x00000000    0x28836
 .debug_macro   0x00000000      0x216 ./Core/Src/adc.o
 .debug_macro   0x00000216      0xab4 ./Core/Src/adc.o
 .debug_macro   0x00000cca      0x1b3 ./Core/Src/adc.o
 .debug_macro   0x00000e7d       0x2e ./Core/Src/adc.o
 .debug_macro   0x00000eab       0x28 ./Core/Src/adc.o
 .debug_macro   0x00000ed3       0x22 ./Core/Src/adc.o
 .debug_macro   0x00000ef5       0x8e ./Core/Src/adc.o
 .debug_macro   0x00000f83       0x51 ./Core/Src/adc.o
 .debug_macro   0x00000fd4      0x103 ./Core/Src/adc.o
 .debug_macro   0x000010d7       0x6a ./Core/Src/adc.o
 .debug_macro   0x00001141      0x1df ./Core/Src/adc.o
 .debug_macro   0x00001320       0x1c ./Core/Src/adc.o
 .debug_macro   0x0000133c       0x22 ./Core/Src/adc.o
 .debug_macro   0x0000135e       0xfb ./Core/Src/adc.o
 .debug_macro   0x00001459     0x1011 ./Core/Src/adc.o
 .debug_macro   0x0000246a      0x11f ./Core/Src/adc.o
 .debug_macro   0x00002589    0x1a17a ./Core/Src/adc.o
 .debug_macro   0x0001c703       0x6d ./Core/Src/adc.o
 .debug_macro   0x0001c770     0x38fb ./Core/Src/adc.o
 .debug_macro   0x0002006b      0x189 ./Core/Src/adc.o
 .debug_macro   0x000201f4       0x5c ./Core/Src/adc.o
 .debug_macro   0x00020250     0x159e ./Core/Src/adc.o
 .debug_macro   0x000217ee      0x5a5 ./Core/Src/adc.o
 .debug_macro   0x00021d93      0x1b9 ./Core/Src/adc.o
 .debug_macro   0x00021f4c      0x18b ./Core/Src/adc.o
 .debug_macro   0x000220d7      0x26b ./Core/Src/adc.o
 .debug_macro   0x00022342      0x23d ./Core/Src/adc.o
 .debug_macro   0x0002257f      0xf91 ./Core/Src/adc.o
 .debug_macro   0x00023510      0x632 ./Core/Src/adc.o
 .debug_macro   0x00023b42      0x30c ./Core/Src/adc.o
 .debug_macro   0x00023e4e      0x241 ./Core/Src/adc.o
 .debug_macro   0x0002408f      0x37c ./Core/Src/adc.o
 .debug_macro   0x0002440b       0xd6 ./Core/Src/adc.o
 .debug_macro   0x000244e1      0x122 ./Core/Src/adc.o
 .debug_macro   0x00024603      0x3ef ./Core/Src/adc.o
 .debug_macro   0x000249f2      0x321 ./Core/Src/adc.o
 .debug_macro   0x00024d13      0x4fb ./Core/Src/adc.o
 .debug_macro   0x0002520e       0xeb ./Core/Src/adc.o
 .debug_macro   0x000252f9      0x2fe ./Core/Src/adc.o
 .debug_macro   0x000255f7      0x5cf ./Core/Src/adc.o
 .debug_macro   0x00025bc6       0x44 ./Core/Src/adc.o
 .debug_macro   0x00025c0a      0x330 ./Core/Src/adc.o
 .debug_macro   0x00025f3a      0x11e ./Core/Src/adc.o
 .debug_macro   0x00026058      0x216 ./Core/Src/gpio.o
 .debug_macro   0x0002626e      0x254 ./Core/Src/main.o
 .debug_macro   0x000264c2      0x216 ./Core/Src/spi.o
 .debug_macro   0x000266d8      0x20c ./Core/Src/stm32l4xx_hal_msp.o
 .debug_macro   0x000268e4      0x216 ./Core/Src/stm32l4xx_it.o
 .debug_macro   0x00026afa      0x1fd ./Core/Src/system_stm32l4xx.o
 .debug_macro   0x00026cf7      0x216 ./Core/Src/usart.o
 .debug_macro   0x00026f0d      0x24b ./Drivers/STM32L4xx_HAL_Driver/Src/stm32l4xx_hal.o
 .debug_macro   0x00027158      0x21a ./Drivers/STM32L4xx_HAL_Driver/Src/stm32l4xx_hal_adc.o
 .debug_macro   0x00027372      0x209 ./Drivers/STM32L4xx_HAL_Driver/Src/stm32l4xx_hal_adc_ex.o
 .debug_macro   0x0002757b      0x1fd ./Drivers/STM32L4xx_HAL_Driver/Src/stm32l4xx_hal_cortex.o
 .debug_macro   0x00027778      0x1fd ./Drivers/STM32L4xx_HAL_Driver/Src/stm32l4xx_hal_dma.o
 .debug_macro   0x00027975      0x204 ./Drivers/STM32L4xx_HAL_Driver/Src/stm32l4xx_hal_gpio.o
 .debug_macro   0x00027b79      0x221 ./Drivers/STM32L4xx_HAL_Driver/Src/stm32l4xx_hal_pwr_ex.o
 .debug_macro   0x00027d9a      0x23f ./Drivers/STM32L4xx_HAL_Driver/Src/stm32l4xx_hal_rcc.o
 .debug_macro   0x00027fd9      0x233 ./Drivers/STM32L4xx_HAL_Driver/Src/stm32l4xx_hal_rcc_ex.o
 .debug_macro   0x0002820c      0x205 ./Drivers/STM32L4xx_HAL_Driver/Src/stm32l4xx_hal_spi.o
 .debug_macro   0x00028411      0x228 ./Drivers/STM32L4xx_HAL_Driver/Src/stm32l4xx_hal_uart.o
 .debug_macro   0x00028639      0x1fd ./Drivers/STM32L4xx_HAL_Driver/Src/stm32l4xx_hal_uart_ex.o

.debug_line     0x00000000    0x2566a
 .debug_line    0x00000000      0x8f9 ./Core/Src/adc.o
 .debug_line    0x000008f9      0x7d4 ./Core/Src/gpio.o
 .debug_line    0x000010cd    0x11de4 ./Core/Src/main.o
 .debug_line    0x00012eb1      0x814 ./Core/Src/spi.o
 .debug_line    0x000136c5      0x79d ./Core/Src/stm32l4xx_hal_msp.o
 .debug_line    0x00013e62      0x88f ./Core/Src/stm32l4xx_it.o
 .debug_line    0x000146f1      0x836 ./Core/Src/system_stm32l4xx.o
 .debug_line    0x00014f27      0x820 ./Core/Src/usart.o
 .debug_line    0x00015747       0x7a ./Core/Startup/startup_stm32l476rgtx.o
 .debug_line    0x000157c1      0xb91 ./Drivers/STM32L4xx_HAL_Driver/Src/stm32l4xx_hal.o
 .debug_line    0x00016352     0x1faa ./Drivers/STM32L4xx_HAL_Driver/Src/stm32l4xx_hal_adc.o
 .debug_line    0x000182fc     0x19b7 ./Drivers/STM32L4xx_HAL_Driver/Src/stm32l4xx_hal_adc_ex.o
 .debug_line    0x00019cb3      0xd5a ./Drivers/STM32L4xx_HAL_Driver/Src/stm32l4xx_hal_cortex.o
 .debug_line    0x0001aa0d      0xd96 ./Drivers/STM32L4xx_HAL_Driver/Src/stm32l4xx_hal_dma.o
 .debug_line    0x0001b7a3      0xc1d ./Drivers/STM32L4xx_HAL_Driver/Src/stm32l4xx_hal_gpio.o
 .debug_line    0x0001c3c0      0xd83 ./Drivers/STM32L4xx_HAL_Driver/Src/stm32l4xx_hal_pwr_ex.o
 .debug_line    0x0001d143     0x100a ./Drivers/STM32L4xx_HAL_Driver/Src/stm32l4xx_hal_rcc.o
 .debug_line    0x0001e14d     0x157c ./Drivers/STM32L4xx_HAL_Driver/Src/stm32l4xx_hal_rcc_ex.o
 .debug_line    0x0001f6c9     0x2067 ./Drivers/STM32L4xx_HAL_Driver/Src/stm32l4xx_hal_spi.o
 .debug_line    0x00021730     0x32a3 ./Drivers/STM32L4xx_HAL_Driver/Src/stm32l4xx_hal_uart.o
 .debug_line    0x000249d3      0xc97 ./Drivers/STM32L4xx_HAL_Driver/Src/stm32l4xx_hal_uart_ex.o

.debug_str      0x00000000    0xffc62
 .debug_str     0x00000000    0xfb0d1 ./Core/Src/adc.o
                              0xfb71c (size before relaxing)
 .debug_str     0x000fb0d1       0x68 ./Core/Src/gpio.o
                              0xfac71 (size before relaxing)
 .debug_str     0x000fb139      0xef6 ./Core/Src/main.o
                              0xfbfa2 (size before relaxing)
 .debug_str     0x000fc02f       0x4b ./Core/Src/spi.o
                              0xfb09d (size before relaxing)
 .debug_str     0x000fc07a       0x49 ./Core/Src/stm32l4xx_hal_msp.o
                              0xfabbe (size before relaxing)
 .debug_str     0x000fc0c3      0x102 ./Core/Src/stm32l4xx_it.o
                              0xfb234 (size before relaxing)
 .debug_str     0x000fc1c5       0xf2 ./Core/Src/system_stm32l4xx.o
                              0xfa8b0 (size before relaxing)
 .debug_str     0x000fc2b7       0x65 ./Core/Src/usart.o
                              0xfb8c2 (size before relaxing)
 .debug_str     0x000fc31c       0x44 ./Core/Startup/startup_stm32l476rgtx.o
                                 0x84 (size before relaxing)
 .debug_str     0x000fc360      0x613 ./Drivers/STM32L4xx_HAL_Driver/Src/stm32l4xx_hal.o
                              0xfb443 (size before relaxing)
 .debug_str     0x000fc973      0xa3b ./Drivers/STM32L4xx_HAL_Driver/Src/stm32l4xx_hal_adc.o
                              0xfb6f7 (size before relaxing)
 .debug_str     0x000fd3ae      0x665 ./Drivers/STM32L4xx_HAL_Driver/Src/stm32l4xx_hal_adc_ex.o
                              0xfb6a0 (size before relaxing)
 .debug_str     0x000fda13      0x350 ./Drivers/STM32L4xx_HAL_Driver/Src/stm32l4xx_hal_cortex.o
                              0xfb129 (size before relaxing)
 .debug_str     0x000fdd63      0x234 ./Drivers/STM32L4xx_HAL_Driver/Src/stm32l4xx_hal_dma.o
                              0xfab1a (size before relaxing)
 .debug_str     0x000fdf97      0x112 ./Drivers/STM32L4xx_HAL_Driver/Src/stm32l4xx_hal_gpio.o
                              0xfaa29 (size before relaxing)
 .debug_str     0x000fe0a9      0x4d3 ./Drivers/STM32L4xx_HAL_Driver/Src/stm32l4xx_hal_pwr_ex.o
                              0xfae0b (size before relaxing)
 .debug_str     0x000fe57c      0x3ac ./Drivers/STM32L4xx_HAL_Driver/Src/stm32l4xx_hal_rcc.o
                              0xfaef6 (size before relaxing)
 .debug_str     0x000fe928      0x3bf ./Drivers/STM32L4xx_HAL_Driver/Src/stm32l4xx_hal_rcc_ex.o
                              0xfb06f (size before relaxing)
 .debug_str     0x000fece7      0x570 ./Drivers/STM32L4xx_HAL_Driver/Src/stm32l4xx_hal_spi.o
                              0xfb0cb (size before relaxing)
 .debug_str     0x000ff257      0x814 ./Drivers/STM32L4xx_HAL_Driver/Src/stm32l4xx_hal_uart.o
                              0xfb608 (size before relaxing)
 .debug_str     0x000ffa6b      0x1f7 ./Drivers/STM32L4xx_HAL_Driver/Src/stm32l4xx_hal_uart_ex.o
                              0xfae34 (size before relaxing)

.comment        0x00000000       0x43
 .comment       0x00000000       0x43 ./Core/Src/adc.o
                                 0x44 (size before relaxing)
 .comment       0x00000043       0x44 ./Core/Src/gpio.o
 .comment       0x00000043       0x44 ./Core/Src/main.o
 .comment       0x00000043       0x44 ./Core/Src/spi.o
 .comment       0x00000043       0x44 ./Core/Src/stm32l4xx_hal_msp.o
 .comment       0x00000043       0x44 ./Core/Src/stm32l4xx_it.o
 .comment       0x00000043       0x44 ./Core/Src/system_stm32l4xx.o
 .comment       0x00000043       0x44 ./Core/Src/usart.o
 .comment       0x00000043       0x44 ./Drivers/STM32L4xx_HAL_Driver/Src/stm32l4xx_hal.o
 .comment       0x00000043       0x44 ./Drivers/STM32L4xx_HAL_Driver/Src/stm32l4xx_hal_adc.o
 .comment       0x00000043       0x44 ./Drivers/STM32L4xx_HAL_Driver/Src/stm32l4xx_hal_adc_ex.o
 .comment       0x00000043       0x44 ./Drivers/STM32L4xx_HAL_Driver/Src/stm32l4xx_hal_cortex.o
 .comment       0x00000043       0x44 ./Drivers/STM32L4xx_HAL_Driver/Src/stm32l4xx_hal_dma.o
 .comment       0x00000043       0x44 ./Drivers/STM32L4xx_HAL_Driver/Src/stm32l4xx_hal_gpio.o
 .comment       0x00000043       0x44 ./Drivers/STM32L4xx_HAL_Driver/Src/stm32l4xx_hal_pwr_ex.o
 .comment       0x00000043       0x44 ./Drivers/STM32L4xx_HAL_Driver/Src/stm32l4xx_hal_rcc.o
 .comment       0x00000043       0x44 ./Drivers/STM32L4xx_HAL_Driver/Src/stm32l4xx_hal_rcc_ex.o
 .comment       0x00000043       0x44 ./Drivers/STM32L4xx_HAL_Driver/Src/stm32l4xx_hal_spi.o
 .comment       0x00000043       0x44 ./Drivers/STM32L4xx_HAL_Driver/Src/stm32l4xx_hal_uart.o
 .comment       0x00000043       0x44 ./Drivers/STM32L4xx_HAL_Driver/Src/stm32l4xx_hal_uart_ex.o

.debug_frame    0x00000000     0x4e14
 .debug_frame   0x00000000       0xa0 ./Core/Src/adc.o
 .debug_frame   0x000000a0       0x34 ./Core/Src/gpio.o
 .debug_frame   0x000000d4      0xab0 ./Core/Src/main.o
 .debug_frame   0x00000b84       0x74 ./Core/Src/spi.o
 .debug_frame   0x00000bf8       0x34 ./Core/Src/stm32l4xx_hal_msp.o
 .debug_frame   0x00000c2c      0x13c ./Core/Src/stm32l4xx_it.o
 .debug_frame   0x00000d68       0x58 ./Core/Src/system_stm32l4xx.o
 .debug_frame   0x00000dc0       0x78 ./Core/Src/usart.o
 .debug_frame   0x00000e38      0x498 ./Drivers/STM32L4xx_HAL_Driver/Src/stm32l4xx_hal.o
 .debug_frame   0x000012d0      0xa04 ./Drivers/STM32L4xx_HAL_Driver/Src/stm32l4xx_hal_adc.o
 .debug_frame   0x00001cd4      0x7a4 ./Drivers/STM32L4xx_HAL_Driver/Src/stm32l4xx_hal_adc_ex.o
 .debug_frame   0x00002478      0x4e8 ./Drivers/STM32L4xx_HAL_Driver/Src/stm32l4xx_hal_cortex.o
 .debug_frame   0x00002960      0x204 ./Drivers/STM32L4xx_HAL_Driver/Src/stm32l4xx_hal_dma.o
 .debug_frame   0x00002b64      0x14c ./Drivers/STM32L4xx_HAL_Driver/Src/stm32l4xx_hal_gpio.o
 .debug_frame   0x00002cb0      0x584 ./Drivers/STM32L4xx_HAL_Driver/Src/stm32l4xx_hal_pwr_ex.o
 .debug_frame   0x00003234      0x21c ./Drivers/STM32L4xx_HAL_Driver/Src/stm32l4xx_hal_rcc.o
 .debug_frame   0x00003450      0x2fc ./Drivers/STM32L4xx_HAL_Driver/Src/stm32l4xx_hal_rcc_ex.o
 .debug_frame   0x0000374c      0x860 ./Drivers/STM32L4xx_HAL_Driver/Src/stm32l4xx_hal_spi.o
 .debug_frame   0x00003fac      0x9f4 ./Drivers/STM32L4xx_HAL_Driver/Src/stm32l4xx_hal_uart.o
 .debug_frame   0x000049a0      0x204 ./Drivers/STM32L4xx_HAL_Driver/Src/stm32l4xx_hal_uart_ex.o
 .debug_frame   0x00004ba4       0x20 C:/Users/patry/Documents/stm32/STM32CubeIDE_1.16.1/STM32CubeIDE/plugins/com.st.stm32cube.ide.mcu.externaltools.gnu-tools-for-stm32.12.3.rel1.win32_1.0.200.202406191623/tools/bin/../lib/gcc/arm-none-eabi/12.3.1/../../../../arm-none-eabi/lib/thumb/v7e-m+fp/hard\libc_nano.a(libc_a-memset.o)
 .debug_frame   0x00004bc4       0x2c C:/Users/patry/Documents/stm32/STM32CubeIDE_1.16.1/STM32CubeIDE/plugins/com.st.stm32cube.ide.mcu.externaltools.gnu-tools-for-stm32.12.3.rel1.win32_1.0.200.202406191623/tools/bin/../lib/gcc/arm-none-eabi/12.3.1/../../../../arm-none-eabi/lib/thumb/v7e-m+fp/hard\libc_nano.a(libc_a-init.o)
 .debug_frame   0x00004bf0       0x30 C:/Users/patry/Documents/stm32/STM32CubeIDE_1.16.1/STM32CubeIDE/plugins/com.st.stm32cube.ide.mcu.externaltools.gnu-tools-for-stm32.12.3.rel1.win32_1.0.200.202406191623/tools/bin/../lib/gcc/arm-none-eabi/12.3.1/thumb/v7e-m+fp/hard\libgcc.a(_arm_muldf3.o)
 .debug_frame   0x00004c20       0xac C:/Users/patry/Documents/stm32/STM32CubeIDE_1.16.1/STM32CubeIDE/plugins/com.st.stm32cube.ide.mcu.externaltools.gnu-tools-for-stm32.12.3.rel1.win32_1.0.200.202406191623/tools/bin/../lib/gcc/arm-none-eabi/12.3.1/thumb/v7e-m+fp/hard\libgcc.a(_arm_addsubdf3.o)
 .debug_frame   0x00004ccc       0xc4 C:/Users/patry/Documents/stm32/STM32CubeIDE_1.16.1/STM32CubeIDE/plugins/com.st.stm32cube.ide.mcu.externaltools.gnu-tools-for-stm32.12.3.rel1.win32_1.0.200.202406191623/tools/bin/../lib/gcc/arm-none-eabi/12.3.1/thumb/v7e-m+fp/hard\libgcc.a(_arm_cmpdf2.o)
 .debug_frame   0x00004d90       0x24 C:/Users/patry/Documents/stm32/STM32CubeIDE_1.16.1/STM32CubeIDE/plugins/com.st.stm32cube.ide.mcu.externaltools.gnu-tools-for-stm32.12.3.rel1.win32_1.0.200.202406191623/tools/bin/../lib/gcc/arm-none-eabi/12.3.1/thumb/v7e-m+fp/hard\libgcc.a(_arm_truncdfsf2.o)
 .debug_frame   0x00004db4       0x2c C:/Users/patry/Documents/stm32/STM32CubeIDE_1.16.1/STM32CubeIDE/plugins/com.st.stm32cube.ide.mcu.externaltools.gnu-tools-for-stm32.12.3.rel1.win32_1.0.200.202406191623/tools/bin/../lib/gcc/arm-none-eabi/12.3.1/thumb/v7e-m+fp/hard\libgcc.a(_aeabi_uldivmod.o)
 .debug_frame   0x00004de0       0x34 C:/Users/patry/Documents/stm32/STM32CubeIDE_1.16.1/STM32CubeIDE/plugins/com.st.stm32cube.ide.mcu.externaltools.gnu-tools-for-stm32.12.3.rel1.win32_1.0.200.202406191623/tools/bin/../lib/gcc/arm-none-eabi/12.3.1/thumb/v7e-m+fp/hard\libgcc.a(_udivmoddi4.o)

.debug_line_str
                0x00000000       0x68
 .debug_line_str
                0x00000000       0x68 ./Core/Startup/startup_stm32l476rgtx.o
